2026-07-03 06:56:08.176987+0000 0xa3ea     Default     0x0                  14634  7    CoreSimulatorBridge: (InstallCoordination) [com.apple.installcoordination:framework] -[IXAppInstallCoordinator _clientDelegate_didUpdateProgress:forPhase:overallProgress:]: <IXInitiatingAppInstallCoordinator<0x600001709900> identity:[org.rayforge.adwtest/Invalid/[system-defined]] uuid:614C0E23-17F1-4392-A352-27E9B5B57754 creator:InstallCoordination Simple SPI>: Got did update progress delegate with percentComplete 5.000000 phase IXCoordinatorProgressPhaseInstalling overallProgress 62.000000
2026-07-03 06:56:08.177092+0000 0xa3ea     Default     0x0                  14634  7    CoreSimulatorBridge: (InstallCoordination) [com.apple.installcoordination:framework] -[IXAppInstallCoordinator _clientDelegate_didUpdateProgress:forPhase:overallProgress:]: <IXInitiatingAppInstallCoordinator<0x600001709900> identity:[org.rayforge.adwtest/Invalid/[system-defined]] uuid:614C0E23-17F1-4392-A352-27E9B5B57754 creator:InstallCoordination Simple SPI>: Got did update progress delegate with percentComplete 15.000000 phase IXCoordinatorProgressPhaseInstalling overallProgress 66.000000
2026-07-03 06:56:08.177117+0000 0xa3ea     Default     0x0                  14634  7    CoreSimulatorBridge: (InstallCoordination) [com.apple.installcoordination:framework] -[IXAppInstallCoordinator _clientDelegate_didUpdateProgress:forPhase:overallProgress:]_block_invoke: <IXInitiatingAppInstallCoordinator<0x600001709900> identity:[org.rayforge.adwtest/Invalid/[system-defined]] uuid:614C0E23-17F1-4392-A352-27E9B5B57754 creator:InstallCoordination Simple SPI>: Calling selector coordinator:didUpdateProgress:forPhase:overallProgress: on observer <_IXSimpleInstallerDelegate 0x0x600000c09440>
2026-07-03 06:56:08.177135+0000 0xa3ea     Default     0x0                  14634  7    CoreSimulatorBridge: (InstallCoordination) [com.apple.installcoordination:framework] -[IXAppInstallCoordinator _clientDelegate_didUpdateProgress:forPhase:overallProgress:]_block_invoke: <IXInitiatingAppInstallCoordinator<0x600001709900> identity:[org.rayforge.adwtest/Invalid/[system-defined]] uuid:614C0E23-17F1-4392-A352-27E9B5B57754 creator:InstallCoordination Simple SPI>: Calling selector coordinator:didUpdateProgress:forPhase:overallProgress: on observer <_IXSimpleInstallerDelegate 0x0x600000c09440>
2026-07-03 06:56:08.182038+0000 0xb270     Default     0x390c5              15576  7    installd: (libsystem_containermanager.dylib) [com.apple.containermanager:xpc] Query; euid = 501, uid = 501, class = 1, identifier = [org.rayforge.adwtest](1), flags = 300000002
2026-07-03 06:56:08.182552+0000 0xb233     Default     0x0                  14634  7    CoreSimulatorBridge: (InstallCoordination) [com.apple.installcoordination:framework] -[IXAppInstallCoordinator _clientDelegate_didUpdateProgress:forPhase:overallProgress:]: <IXInitiatingAppInstallCoordinator<0x600001709900> identity:[org.rayforge.adwtest/Invalid/[system-defined]] uuid:614C0E23-17F1-4392-A352-27E9B5B57754 creator:InstallCoordination Simple SPI>: Got did update progress delegate with percentComplete 20.000000 phase IXCoordinatorProgressPhaseInstalling overallProgress 68.000000
2026-07-03 06:56:08.182589+0000 0xb233     Default     0x0                  14634  7    CoreSimulatorBridge: (InstallCoordination) [com.apple.installcoordination:framework] -[IXAppInstallCoordinator _clientDelegate_didUpdateProgress:forPhase:overallProgress:]_block_invoke: <IXInitiatingAppInstallCoordinator<0x600001709900> identity:[org.rayforge.adwtest/Invalid/[system-defined]] uuid:614C0E23-17F1-4392-A352-27E9B5B57754 creator:InstallCoordination Simple SPI>: Calling selector coordinator:didUpdateProgress:forPhase:overallProgress: on observer <_IXSimpleInstallerDelegate 0x0x600000c09440>
2026-07-03 06:56:08.182834+0000 0xb270     Default     0x390c7              15576  7    installd: (libsystem_containermanager.dylib) [com.apple.containermanager:xpc] Query; euid = 501, uid = 501, class = 1, identifier = [org.rayforge.adwtest](1), flags = 300000002
2026-07-03 06:56:08.190091+0000 0xb270     Default     0x390c9              15576  7    installd: (libsystem_containermanager.dylib) [com.apple.containermanager:xpc] Query; euid = 501, uid = 501, class = 1, identifier = [org.rayforge.adwtest](1), flags = 300000002
2026-07-03 06:56:08.190253+0000 0xbbdb     Default     0x0                  15700  7    installcoordinationd: [com.apple.installcoordination:daemon] -[IXSCoordinatorProgress setTotalUnitsCompleted:]: Progress for coordinator: [org.rayforge.adwtest/Invalid/[system-defined]], Phase: IXCoordinatorProgressPhaseInstalling, Percentage: 20.000000: Attempt to set units completed on finished progress: 20
2026-07-03 06:56:08.191851+0000 0xb270     Default     0x390cb              15576  7    installd: (libsystem_containermanager.dylib) [com.apple.containermanager:xpc] Query; euid = 501, uid = 501, class = 1, identifier = [org.rayforge.adwtest](1), flags = 300000002
2026-07-03 06:56:08.198622+0000 0xb270     Default     0x0                  15576  0    installd: (MobileSystemServices) 0x16b193000 -[MIInstaller _installInstallable:containingSymlink:error:]: Installing <MIInstallableBundle ID=org.rayforge.adwtest; Persona=com.apple.containermanager.primary-persona, Version=1, ShortVersion=0.1>
2026-07-03 06:56:08.198798+0000 0xb270     Default     0x0                  15576  14   installd: (MobileInstallation) [com.apple.appinstallation:TransactionLog] org.rayforge.adwtest/com.apple.containermanager.primary-persona:7:5:1:1:Start : Install (New)
2026-07-03 06:56:08.200980+0000 0xa3ea     Default     0x0                  14634  7    CoreSimulatorBridge: (InstallCoordination) [com.apple.installcoordination:framework] -[IXAppInstallCoordinator _clientDelegate_didUpdateProgress:forPhase:overallProgress:]: <IXInitiatingAppInstallCoordinator<0x600001709900> identity:[org.rayforge.adwtest/Invalid/[system-defined]] uuid:614C0E23-17F1-4392-A352-27E9B5B57754 creator:InstallCoordination Simple SPI>: Got did update progress delegate with percentComplete 30.000000 phase IXCoordinatorProgressPhaseInstalling overallProgress 72.000000
2026-07-03 06:56:08.201092+0000 0xa3ea     Default     0x0                  14634  7    CoreSimulatorBridge: (InstallCoordination) [com.apple.installcoordination:framework] -[IXAppInstallCoordinator _clientDelegate_didUpdateProgress:forPhase:overallProgress:]_block_invoke: <IXInitiatingAppInstallCoordinator<0x600001709900> identity:[org.rayforge.adwtest/Invalid/[system-defined]] uuid:614C0E23-17F1-4392-A352-27E9B5B57754 creator:InstallCoordination Simple SPI>: Calling selector coordinator:didUpdateProgress:forPhase:overallProgress: on observer <_IXSimpleInstallerDelegate 0x0x600000c09440>
2026-07-03 06:56:08.203823+0000 0xb270     Default     0x390cd              15576  7    installd: (libsystem_containermanager.dylib) [com.apple.containermanager:query] Query; euid = 501, uid = 501, class = 4, identifier = [org.rayforge.adwtest](1), flags = 300000002
2026-07-03 06:56:08.204388+0000 0xa3ea     Default     0x0                  14634  7    CoreSimulatorBridge: (InstallCoordination) [com.apple.installcoordination:framework] -[IXAppInstallCoordinator _clientDelegate_didUpdateProgress:forPhase:overallProgress:]: <IXInitiatingAppInstallCoordinator<0x600001709900> identity:[org.rayforge.adwtest/Invalid/[system-defined]] uuid:614C0E23-17F1-4392-A352-27E9B5B57754 creator:InstallCoordination Simple SPI>: Got did update progress delegate with percentComplete 40.000000 phase IXCoordinatorProgressPhaseInstalling overallProgress 76.000000
2026-07-03 06:56:08.204878+0000 0xb270     Default     0x390ce              15576  7    installd: (libsystem_containermanager.dylib) [com.apple.containermanager:query] Query; euid = 501, uid = 501, class = 4, identifier = [org.rayforge.adwtest](1), flags = 300000002
2026-07-03 06:56:08.205206+0000 0xa3ea     Default     0x0                  14634  7    CoreSimulatorBridge: (InstallCoordination) [com.apple.installcoordination:framework] -[IXAppInstallCoordinator _clientDelegate_didUpdateProgress:forPhase:overallProgress:]_block_invoke: <IXInitiatingAppInstallCoordinator<0x600001709900> identity:[org.rayforge.adwtest/Invalid/[system-defined]] uuid:614C0E23-17F1-4392-A352-27E9B5B57754 creator:InstallCoordination Simple SPI>: Calling selector coordinator:didUpdateProgress:forPhase:overallProgress: on observer <_IXSimpleInstallerDelegate 0x0x600000c09440>
2026-07-03 06:56:08.223123+0000 0xb270     Default     0x390cf              15576  7    installd: (libsystem_containermanager.dylib) [com.apple.containermanager:xpc] Query; euid = 501, uid = 501, class = 1, identifier = [org.rayforge.adwtest](1), flags = 300000003
2026-07-03 06:56:08.223909+0000 0xa3d7     Error       0x390cf              14662  7    containermanagerd_system: (ContainerManagerCommon) [com.apple.containermanager:schema] [org.rayforge.adwtest(1)] Current schema version (1) is newer than the latest (0), ignoring.
2026-07-03 06:56:08.224825+0000 0xa3d7     Default     0x390cf              14662  7    containermanagerd_system: (ContainerManagerCommon) [com.apple.containermanager:schema] [u 79459EED-F620-4F11-B5B0-508180031232:p B2815BF1-61D8-4941-A442-C8BCD13E6B6E:c org.rayforge.adwtest(1):i3424872] Successfully updated schema from (0) → (0), actions count = 0
2026-07-03 06:56:08.224836+0000 0xb233     Default     0x0                  14634  7    CoreSimulatorBridge: (InstallCoordination) [com.apple.installcoordination:framework] -[IXAppInstallCoordinator _clientDelegate_didUpdateProgress:forPhase:overallProgress:]: <IXInitiatingAppInstallCoordinator<0x600001709900> identity:[org.rayforge.adwtest/Invalid/[system-defined]] uuid:614C0E23-17F1-4392-A352-27E9B5B57754 creator:InstallCoordination Simple SPI>: Got did update progress delegate with percentComplete 50.000000 phase IXCoordinatorProgressPhaseInstalling overallProgress 80.000000
2026-07-03 06:56:08.224876+0000 0xb233     Default     0x0                  14634  7    CoreSimulatorBridge: (InstallCoordination) [com.apple.installcoordination:framework] -[IXAppInstallCoordinator _clientDelegate_didUpdateProgress:forPhase:overallProgress:]_block_invoke: <IXInitiatingAppInstallCoordinator<0x600001709900> identity:[org.rayforge.adwtest/Invalid/[system-defined]] uuid:614C0E23-17F1-4392-A352-27E9B5B57754 creator:InstallCoordination Simple SPI>: Calling selector coordinator:didUpdateProgress:forPhase:overallProgress: on observer <_IXSimpleInstallerDelegate 0x0x600000c09440>
2026-07-03 06:56:08.225904+0000 0xb270     Default     0x391d1              15576  7    installd: (libsystem_containermanager.dylib) [com.apple.containermanager:xpc] Query; euid = 501, uid = 501, class = 1, identifier = [org.rayforge.adwtest](1), flags = 300000002
2026-07-03 06:56:08.227126+0000 0xa3ea     Default     0x0                  14634  7    CoreSimulatorBridge: (InstallCoordination) [com.apple.installcoordination:framework] -[IXAppInstallCoordinator _clientDelegate_didUpdateProgress:forPhase:overallProgress:]: <IXInitiatingAppInstallCoordinator<0x600001709900> identity:[org.rayforge.adwtest/Invalid/[system-defined]] uuid:614C0E23-17F1-4392-A352-27E9B5B57754 creator:InstallCoordination Simple SPI>: Got did update progress delegate with percentComplete 60.000000 phase IXCoordinatorProgressPhaseInstalling overallProgress 84.000000
2026-07-03 06:56:08.227224+0000 0xa3ea     Default     0x0                  14634  7    CoreSimulatorBridge: (InstallCoordination) [com.apple.installcoordination:framework] -[IXAppInstallCoordinator _clientDelegate_didUpdateProgress:forPhase:overallProgress:]_block_invoke: <IXInitiatingAppInstallCoordinator<0x600001709900> identity:[org.rayforge.adwtest/Invalid/[system-defined]] uuid:614C0E23-17F1-4392-A352-27E9B5B57754 creator:InstallCoordination Simple SPI>: Calling selector coordinator:didUpdateProgress:forPhase:overallProgress: on observer <_IXSimpleInstallerDelegate 0x0x600000c09440>
2026-07-03 06:56:08.228634+0000 0xb270     Default     0x391d3              15576  7    installd: (libsystem_containermanager.dylib) [com.apple.containermanager:query] Query; euid = 501, uid = 501, class = 2, identifier = [org.rayforge.adwtest](1), flags = 300000003
2026-07-03 06:56:08.228985+0000 0xb233     Default     0x0                  14634  7    CoreSimulatorBridge: (InstallCoordination) [com.apple.installcoordination:framework] -[IXAppInstallCoordinator _clientDelegate_didUpdateProgress:forPhase:overallProgress:]: <IXInitiatingAppInstallCoordinator<0x600001709900> identity:[org.rayforge.adwtest/Invalid/[system-defined]] uuid:614C0E23-17F1-4392-A352-27E9B5B57754 creator:InstallCoordination Simple SPI>: Got did update progress delegate with percentComplete 70.000000 phase IXCoordinatorProgressPhaseInstalling overallProgress 88.000000
2026-07-03 06:56:08.229043+0000 0xb233     Default     0x0                  14634  7    CoreSimulatorBridge: (InstallCoordination) [com.apple.installcoordination:framework] -[IXAppInstallCoordinator _clientDelegate_didUpdateProgress:forPhase:overallProgress:]_block_invoke: <IXInitiatingAppInstallCoordinator<0x600001709900> identity:[org.rayforge.adwtest/Invalid/[system-defined]] uuid:614C0E23-17F1-4392-A352-27E9B5B57754 creator:InstallCoordination Simple SPI>: Calling selector coordinator:didUpdateProgress:forPhase:overallProgress: on observer <_IXSimpleInstallerDelegate 0x0x600000c09440>
2026-07-03 06:56:08.229501+0000 0xb270     Default     0x391d5              15576  7    installd: (libsystem_containermanager.dylib) [com.apple.containermanager:query] Query; euid = 501, uid = 501, class = 2, identifier = [org.rayforge.adwtest](1), flags = 300000002
2026-07-03 06:56:08.245313+0000 0xb230     Default     0x0                  14602  5    SpringBoard: (CoreServices) [com.apple.launchservices:appinstallation] LaunchServices observer: MetadataUpdate (
    "org.rayforge.adwtest"
)
2026-07-03 06:56:08.262555+0000 0xa3ea     Default     0x0                  14634  7    CoreSimulatorBridge: (InstallCoordination) [com.apple.installcoordination:framework] -[IXAppInstallCoordinator _clientDelegate_didUpdateProgress:forPhase:overallProgress:]: <IXInitiatingAppInstallCoordinator<0x600001709900> identity:[org.rayforge.adwtest/Invalid/[system-defined]] uuid:614C0E23-17F1-4392-A352-27E9B5B57754 creator:InstallCoordination Simple SPI>: Got did update progress delegate with percentComplete 80.000000 phase IXCoordinatorProgressPhaseInstalling overallProgress 92.000000
2026-07-03 06:56:08.262596+0000 0xa3ea     Default     0x0                  14634  7    CoreSimulatorBridge: (InstallCoordination) [com.apple.installcoordination:framework] -[IXAppInstallCoordinator _clientDelegate_didUpdateProgress:forPhase:overallProgress:]_block_invoke: <IXInitiatingAppInstallCoordinator<0x600001709900> identity:[org.rayforge.adwtest/Invalid/[system-defined]] uuid:614C0E23-17F1-4392-A352-27E9B5B57754 creator:InstallCoordination Simple SPI>: Calling selector coordinator:didUpdateProgress:forPhase:overallProgress: on observer <_IXSimpleInstallerDelegate 0x0x600000c09440>
2026-07-03 06:56:08.264803+0000 0xb270     Default     0x0                  15576  0    installd: (MobileSystemServices) 0x16b193000 -[MIInstallationJournalEntry _refreshUUIDForContainer:withError:]: Data container for org.rayforge.adwtest is now at /Users/runner/Library/Developer/CoreSimulator/Devices/BE920449-F1D7-494C-A634-8E97E2A80103/data/Containers/Data/Application/9CE97A66-953F-4F72-A3C8-40233BB97A58
2026-07-03 06:56:08.266145+0000 0xa3e3     Default     0x391d8              14667  7    containermanagerd: (ContainerManagerCommon) [com.apple.containermanager:schema] [u 130826D6-AB0B-4712-BF4D-EB6163239F75:p 9CE97A66-953F-4F72-A3C8-40233BB97A58:c org.rayforge.adwtest(2):i0] Successfully updated schema from (0) → (1), actions count = 6
2026-07-03 06:56:08.266242+0000 0xb270     Default     0x391d9              15576  7    installd: (libsystem_containermanager.dylib) [com.apple.containermanager:unspecified] Replace; old = [app:org.rayforge.adwtest:501::(614AF0E3-12D8-4803-BA56-EE085004ED3B)], new = [temp-app:org.rayforge.adwtest:501::(79459EED-F620-4F11-B5B0-508180031232)]
2026-07-03 06:56:08.271275+0000 0xb270     Default     0x391da              15576  7    installd: (libsystem_containermanager.dylib) [com.apple.containermanager:xpc] Query; euid = 501, uid = 501, class = 1, identifier = [org.rayforge.adwtest](1), flags = 300000002
2026-07-03 06:56:08.271997+0000 0xb270     Default     0x0                  15576  0    installd: (MobileSystemServices) 0x16b193000 -[MIContainer makeContainerLiveReplacingContainer:reason:waitForDeletion:withError:]: Made container live for org.rayforge.adwtest at /Users/runner/Library/Developer/CoreSimulator/Devices/BE920449-F1D7-494C-A634-8E97E2A80103/data/Containers/Bundle/Application/D6060EA8-EB91-486D-950E-F791C9CE4BD5
2026-07-03 06:56:08.272396+0000 0xb270     Default     0x391dc              15576  7    installd: (libsystem_containermanager.dylib) [com.apple.containermanager:xpc] Query; euid = 501, uid = 501, class = 1, identifier = [org.rayforge.adwtest](1), flags = 300000002
2026-07-03 06:56:08.274398+0000 0xb233     Default     0x0                  14634  7    CoreSimulatorBridge: (InstallCoordination) [com.apple.installcoordination:framework] -[IXAppInstallCoordinator _clientDelegate_didUpdateProgress:forPhase:overallProgress:]: <IXInitiatingAppInstallCoordinator<0x600001709900> identity:[org.rayforge.adwtest/Invalid/[system-defined]] uuid:614C0E23-17F1-4392-A352-27E9B5B57754 creator:InstallCoordination Simple SPI>: Got did update progress delegate with percentComplete 90.000000 phase IXCoordinatorProgressPhaseInstalling overallProgress 96.000000
2026-07-03 06:56:08.274432+0000 0xb233     Default     0x0                  14634  7    CoreSimulatorBridge: (InstallCoordination) [com.apple.installcoordination:framework] -[IXAppInstallCoordinator _clientDelegate_didUpdateProgress:forPhase:overallProgress:]_block_invoke: <IXInitiatingAppInstallCoordinator<0x600001709900> identity:[org.rayforge.adwtest/Invalid/[system-defined]] uuid:614C0E23-17F1-4392-A352-27E9B5B57754 creator:InstallCoordination Simple SPI>: Calling selector coordinator:didUpdateProgress:forPhase:overallProgress: on observer <_IXSimpleInstallerDelegate 0x0x600000c09440>
2026-07-03 06:56:08.274856+0000 0xa3e7     Default     0x391df              14667  7    containermanagerd: (ContainerManagerCommon) [com.apple.containermanager:codesignmapping] Reconciled [org.rayforge.adwtest]; old app groups: (null), new app groups: (null), old system groups: (null), new system groups: (null)
2026-07-03 06:56:08.275417+0000 0xb270     Default     0x391e0              15576  7    installd: (libsystem_containermanager.dylib) [com.apple.containermanager:unspecified] Requesting disk usage; class = 1, identifier = org.rayforge.adwtest
2026-07-03 06:56:08.277413+0000 0xb270     Default     0x391e1              15576  7    installd: (libsystem_containermanager.dylib) [com.apple.containermanager:query] Query; euid = 501, uid = 501, class = 7, identifier = [org.rayforge.adwtest](1), flags = 300000001
2026-07-03 06:56:08.282838+0000 0xa357     Default     0x391b5              14602  0    SpringBoard: (SpringBoard) [com.apple.SpringBoard:Common] termination assertion released for org.rayforge.adwtest (app not found)
2026-07-03 06:56:08.294158+0000 0xb270     Default     0x0                  15576  0    installd: (MobileSystemServices) 0x16b193000 -[MILaunchServicesOperationManager _onQueue_addPendingLaunchServicesOperation:error:]: Added pending LS operation <MILaunchServicesRegisterOperation: BED52CE7-E1F8-4C01-A5BC-59ECC3D691BA:2 org.rayforge.adwtest/MIInstallationDomainSystemShared personas:[com.apple.containermanager.primary-persona]>
2026-07-03 06:56:08.295597+0000 0xbc05     Default     0x0                  14664  5    lsd: (CoreServices) [com.apple.launchservices:appinstallation] Post installation registration: request to register org.rayforge.adwtest, operation BED52CE7-E1F8-4C01-A5BC-59ECC3D691BA, from pid 15576
2026-07-03 06:56:08.296189+0000 0xbc05     Default     0x0                  14664  14   lsd: (MobileInstallation) [com.apple.appinstallation:TransactionLog] org.rayforge.adwtest/Unknown Persona:5:4:1:1:Registering bundles via registrant - start
2026-07-03 06:56:08.299019+0000 0xbc05     Default     0x0                  14664  14   lsd: (MobileInstallation) [com.apple.appinstallation:TransactionLog] org.rayforge.adwtest/Unknown Persona:5:5:1:1:Building bundle record for app
2026-07-03 06:56:08.302488+0000 0xbc05     Default     0x0                  14664  5    lsd: (CoreServices) [com.apple.launchservices:appinstallation] Removed existing registered placeholder for org.rayforge.adwtest
2026-07-03 06:56:08.302697+0000 0xbc05     Default     0x0                  14664  14   lsd: (MobileInstallation) [com.apple.appinstallation:TransactionLog] org.rayforge.adwtest/Unknown Persona:5:5:2:1:Built bundle record for app
2026-07-03 06:56:08.303700+0000 0xbc05     Default     0x0                  14664  2    lsd: (CoreServices) [com.apple.launchservices:icons] clearAlternateNameForBundleIdentifier: will clear for org.rayforge.adwtest
2026-07-03 06:56:08.303831+0000 0xbc05     Default     0x0                  14664  14   lsd: (MobileInstallation) [com.apple.appinstallation:TransactionLog] org.rayforge.adwtest/Unknown Persona:5:4:2:1:Registered bundle status = success
2026-07-03 06:56:08.305683+0000 0xb230     Default     0x0                  14602  5    SpringBoard: (CoreServices) [com.apple.launchservices:appinstallation] LaunchServices observer: InstallsStarted (
    "<LSApplicationProxy: 0x6000037f73c0> org.rayforge.adwtest file:///Users/runner/Library/Developer/CoreSimulator/Devices/BE920449-F1D7-494C-A634-8E97E2A80103/data/Containers/Bundle/Application/672A103D-00DA-451F-A643-7CFBB8B118AB/RayforgeAdw.app/ <org.rayforge.adwtest <placeholder >:1>"
)
2026-07-03 06:56:08.305728+0000 0xb230     Default     0x0                  14602  0    SpringBoard: (FrontBoardServices) [com.apple.frontboard.ApplicationLibrary:observer] -[FBSApplicationLibrary applicationInstallsDidStart:] org.rayforge.adwtest
2026-07-03 06:56:08.306689+0000 0xa357     Default     0x0                  14602  14   SpringBoard: (MobileInstallation) [com.apple.appinstallation:TransactionLog] org.rayforge.adwtest/Unknown Persona:10:2:3:1:Reloading icon image.
2026-07-03 06:56:08.309313+0000 0xbc05     Default     0x0                  14664  14   lsd: (MobileInstallation) [com.apple.appinstallation:TransactionLog] org.rayforge.adwtest/Unknown Persona:5:4:2:1:Finished registering org.rayforge.adwtest, bundle unit 2a4
2026-07-03 06:56:08.310130+0000 0xbc05     Default     0x0                  14664  2    lsd: (CoreServices) [com.apple.launchservices:progress] Installation ended for org.rayforge.adwtest with state 5
2026-07-03 06:56:08.310389+0000 0xbc05     Default     0x0                  14664  2    lsd: (CoreServices) [com.apple.launchservices:progress] Discarding proportions for org.rayforge.adwtest
2026-07-03 06:56:08.310473+0000 0xb270     Default     0x0                  15576  0    installd: (MobileSystemServices) 0x16b193000 -[MIJournal purgeJournalEntry:withError:]: Removing journal entry <MIInstallationJournalEntry<0x600003308500> [org.rayforge.adwtest/com.apple.containermanager.primary-persona/[system-defined]]/MIInstallationDomainSystemShared op:1 phase:JournalPhaseDidRegisterWithLS version:1>
2026-07-03 06:56:08.311195+0000 0xb270     Default     0x0                  15576  14   installd: (MobileInstallation) [com.apple.appinstallation:TransactionLog] org.rayforge.adwtest/com.apple.containermanager.primary-persona:7:5:2:1:Success (End) : Install (New)
2026-07-03 06:56:08.311679+0000 0xad4d     Default     0x0                  14664  2    lsd: (CoreServices) [com.apple.launchservices:progress] Sending applicationsDidInstall: for (
    "<LSApplicationProxy: 0x600003705f80> org.rayforge.adwtest file:///Users/runner/Library/Developer/CoreSimulator/Devices/BE920449-F1D7-494C-A634-8E97E2A80103/data/Containers/Bundle/Application/D6060EA8-EB91-486D-950E-F791C9CE4BD5/RayforgeAdw.app/ <org.rayforge.adwtest <installed >:0>"
)
2026-07-03 06:56:08.312071+0000 0xb270     Default     0x0                  15576  0    installd: (MobileSystemServices) 0x16b193000 -[MIInstaller _logOperationCompletionWithStartTime:distributorID:]: Install successful for (Developer:org.rayforge.adwtest) [Distributor: (null)]; Staging: 0.01s; Waiting: 0.00s; Preflight/Patch: 0.00s, Verifying: 0.02s; Overall: 0.15s
2026-07-03 06:56:08.314557+0000 0xb255     Default     0x0                  15700  7    installcoordinationd: [com.apple.installcoordination:daemon] -[IXSPendingOperationsTracker endPendingOperationForIdentity:]_block_invoke: Ending pending operation for [org.rayforge.adwtest/Invalid/[system-defined]]
2026-07-03 06:56:08.315534+0000 0xb411     Error       0x0                  14683  0    iconservicesagent: (IconServices) [com.apple.iconservices:default] Failed to find icon resources for bundle identifier org.rayforge.adwtest - (null). Creating placeholder provider
2026-07-03 06:56:08.316033+0000 0xa3ea     Default     0x0                  14634  7    CoreSimulatorBridge: (InstallCoordination) [com.apple.installcoordination:framework] -[IXAppInstallCoordinator _clientDelegate_didUpdateProgress:forPhase:overallProgress:]: <IXInitiatingAppInstallCoordinator<0x600001709900> identity:[org.rayforge.adwtest/Invalid/[system-defined]] uuid:614C0E23-17F1-4392-A352-27E9B5B57754 creator:InstallCoordination Simple SPI>: Got did update progress delegate with percentComplete 100.000000 phase IXCoordinatorProgressPhaseInstalling overallProgress 100.000000
2026-07-03 06:56:08.316081+0000 0xa3ea     Default     0x0                  14634  7    CoreSimulatorBridge: (InstallCoordination) [com.apple.installcoordination:framework] -[IXAppInstallCoordinator _clientDelegate_didUpdateProgress:forPhase:overallProgress:]_block_invoke: <IXInitiatingAppInstallCoordinator<0x600001709900> identity:[org.rayforge.adwtest/Invalid/[system-defined]] uuid:614C0E23-17F1-4392-A352-27E9B5B57754 creator:InstallCoordination Simple SPI>: Calling selector coordinator:didUpdateProgress:forPhase:overallProgress: on observer <_IXSimpleInstallerDelegate 0x0x600000c09440>
2026-07-03 06:56:08.316709+0000 0xb255     Default     0x0                  15700  7    installcoordinationd: [com.apple.installcoordination:daemon] -[IXSCoordinatedAppInstall setComplete:]: <IXSCoordinatedAppInstall<0x100c05840> [P=CoreSimulatorBridge (pid 14634)] identifier:[org.rayforge.adwtest/Invalid/[system-defined]] uuid:614C0E23-17F1-4392-A352-27E9B5B57754 intent:IXCoordinatorIntentInitiating creator/appDRI:InstallCoordination Simple SPI importance:UserWaiting state:IXAppCoordinationStateComplete promise-state:PA2I4> complete!
2026-07-03 06:56:08.316731+0000 0xb255     Default     0x0                  15700  7    installcoordinationd: [com.apple.installcoordination:daemon] -[IXSPowerAssertion invalidate]: Released power assertion IXPowerAssertion-12-[org.rayforge.adwtest/Invalid/[system-defined]]
2026-07-03 06:56:08.316940+0000 0xb411     Default     0x0                  14683  0    iconservicesagent: (IconServices) [com.apple.iconservices:default] Resource provider <ISResourceProvider: 0x600002c0f980> for <ISBundleIdentifierIcon 0x60000177d640>BundleID: org.rayforge.adwtest digest: 5B5C78E6-97A0-3A0E-84B6-C94AC4D0D3B6 has no record identifiers
2026-07-03 06:56:08.317814+0000 0xb255     Default     0x0                  15700  7    installcoordinationd: [com.apple.installcoordination:daemon] -[IXSDataPromise decommission]: Decommissioning <IXSPromisedInMemoryDictionary(0x600002c05d80) Name:Localizations for org.rayforge.adwtest Creator:InstallCoordination Simple SPI UUID:834CAE07-F0E1-42AA-B6D3-DBA5E43A6D85 Location:[system-defined]>
2026-07-03 06:56:08.318393+0000 0xb255     Default     0x0                  15700  7    installcoordinationd: [com.apple.installcoordination:daemon] -[IXSDataPromise decommission]: Decommissioning <IXSPlaceholder(0x100e06ef0) Name:App Placeholder: RayforgeAdw (org.rayforge.adwtest) Creator:InstallCoordination Simple SPI UUID:0AC27AE5-0BED-4E2A-AD18-CCD8FF3BFE94 Location:[system-defined]>
2026-07-03 06:56:08.318796+0000 0xb255     Default     0x0                  15700  7    installcoordinationd: [com.apple.installcoordination:daemon] -[IXSDataPromise decommission]: Decommissioning <IXSPromisedTransferToPath(0x600002c08480) Name:App Asset: org.rayforge.adwtest Creator:InstallCoordination Simple SPI UUID:BE528BFA-F39A-464F-B7A3-364E77AF3356 Location:[system-defined]>
2026-07-03 06:56:08.319820+0000 0xb255     Default     0x0                  15700  14   installcoordinationd: (MobileInstallation) [com.apple.appinstallation:TransactionLog] org.rayforge.adwtest/Unknown Persona:4:1:2:1:Coordinator completed successfully.
2026-07-03 06:56:08.320900+0000 0xb255     Default     0x0                  15700  7    installcoordinationd: [com.apple.installcoordination:daemon] -[IXSCoordinatorManager unregisterCoordinator:]: Unregistered coordinator: <IXSCoordinatedAppInstall<0x100c05840> [P=CoreSimulatorBridge (pid 14634)] identifier:[org.rayforge.adwtest/Invalid/[system-defined]] uuid:614C0E23-17F1-4392-A352-27E9B5B57754 intent:IXCoordinatorIntentInitiating creator/appDRI:InstallCoordination Simple SPI importance:UserWaiting state:IXAppCoordinationStateComplete promise-state:PA2I4>
2026-07-03 06:56:08.320954+0000 0xb255     Default     0x0                  15700  7    installcoordinationd: [com.apple.installcoordination:daemon] -[IXSCoordinatedAppInstall setPriorityBoostCompletion:withSourceInfo:]: <IXSCoordinatedAppInstall<0x100c05840> [P=CoreSimulatorBridge (pid 14634)] identifier:[org.rayforge.adwtest/Invalid/[system-defined]] uuid:614C0E23-17F1-4392-A352-27E9B5B57754 intent:IXCoordinatorIntentInitiating creator/appDRI:InstallCoordination Simple SPI importance:UserWaiting state:IXAppCoordinationStateComplete promise-state:PA2I4>: Disposing of completion from CoreSimulatorBridge (14634), QOS_CLASS_DEFAULT (0x15)
2026-07-03 06:56:08.323809+0000 0xb233     Default     0x0                  14634  7    CoreSimulatorBridge: (InstallCoordination) [com.apple.installcoordination:framework] -[IXAppInstallCoordinator _clientDelegate_didCompleteForApplicationRecord:]: <IXInitiatingAppInstallCoordinator<0x600001709900> identity:[org.rayforge.adwtest/Invalid/[system-defined]] uuid:614C0E23-17F1-4392-A352-27E9B5B57754 creator:InstallCoordination Simple SPI>: Got completion delegate for app record { bundleID: org.rayforge.adwtest, URL: file:///Users/runner/Library/Developer/CoreSimulator/Devices/BE920449-F1D7-494C-A634-8E97E2A80103/data/Containers/Bundle/Application/D6060EA8-EB91-486D-950E-F791C9CE4BD5/RayforgeAdw.app/ }
2026-07-03 06:56:08.323896+0000 0xb233     Default     0x0                  14634  7    CoreSimulatorBridge: (InstallCoordination) [com.apple.installcoordination:framework] -[IXAppInstallCoordinator _clientDelegate_didCompleteForApplicationRecord:]_block_invoke: <IXInitiatingAppInstallCoordinator<0x600001709900> identity:[org.rayforge.adwtest/Invalid/[system-defined]] uuid:614C0E23-17F1-4392-A352-27E9B5B57754 creator:InstallCoordination Simple SPI>: Calling selector coordinatorDidCompleteSuccessfully:forApplicationRecord: on observer <_IXSimpleInstallerDelegate 0x0x600000c09440>
2026-07-03 06:56:08.341378+0000 0xa357     Default     0x39192              14602  2    SpringBoard: (CoreServices) [com.apple.launchservices:progress] Unpublishing progress block called for app org.rayforge.adwtest
2026-07-03 06:56:08.341471+0000 0xb230     Default     0x39192              14602  2    SpringBoard: (CoreServices) [com.apple.launchservices:progress] #LSInstallProgressList remove subscriber: <_NSProgressSubscriber: 0x600000c6d800> publishingString: org.rayforge.adwtest
2026-07-03 06:56:08.372356+0000 0xa6d0     Default     0x0                  14693  0    siriactionsd: (VoiceShortcuts) [com.apple.shortcuts:Daemon] Dispatching XPC event: <distributed notification: com.apple.LaunchServices.applicationRegistered, userInfo: [AnyHashable("isPlaceholder"): 1, AnyHashable("bundleIDs"): <__NSSingleObjectArrayI 0x60000000c020>(
org.rayforge.adwtest
)
]>
2026-07-03 06:56:08.372500+0000 0xa6d0     Default     0x0                  14693  0    siriactionsd: (VoiceShortcutClient) [com.apple.shortcuts:XPCEvent] Dispatching XPC event: <distributed notification: com.apple.LaunchServices.applicationRegistered, userInfo: [AnyHashable("isPlaceholder"): 1, AnyHashable("bundleIDs"): <__NSSingleObjectArrayI 0x60000000c020>(
org.rayforge.adwtest
)
]>
2026-07-03 06:56:08.373332+0000 0xb2bc     Default     0x0                  15650  14   appstored: [com.apple.appstored:General] Failed to fetch record for placeholder app org.rayforge.adwtest: Error Domain=NSOSStatusErrorDomain Code=-10814 "(null)" UserInfo={_LSFile=LSBindingEvaluator.mm, _LSLine=1973, _LSFunction=runEvaluator}
2026-07-03 06:56:08.373825+0000 0xb0cd     Default     0x0                  15641  0    dmd: Received xpc stream event (distributed notification matching) with name: com.apple.LaunchServices.applicationRegistered user info: {
    bundleIDs =     (
        "org.rayforge.adwtest"
    );
    isPlaceholder = 1;
}
2026-07-03 06:56:08.378494+0000 0xb127     Default     0x0                  14622  2    appprotectiond: (AppProtection) [com.apple.appprotection:server] Received distnoted event <dictionary: 0x600003e0de00> { count = 3, transaction: 0, voucher = 0x60000210a530, contents =
	"UserInfo" => <dictionary: 0x60000260c000> { count = 2, transaction: 0, voucher = 0x0, contents =
		"isPlaceholder" => <bool: 0x1e57603f0>: true
		"bundleIDs" => <array: 0x600000c16760> { count = 1, capacity = 1, contents =
			0: <string: 0x600000c15020> { string cache = 0x0, length = 20, contents = "org.rayforge.adwtest" }
		}
	}
	"Name" => <string: 0x600000c158f0> { string cache = 0x0, length = 46, contents = "com.apple.LaunchServices.applicationRegistered" }
	"XPCEventName" => <string: 0x600000c15860> { string cache = 0x0, length = 21, contents = "ApplicationRegistered" }
}
2026-07-03 06:56:08.378650+0000 0xb127     Default     0x0                  14622  2    appprotectiond: (AppProtection) [com.apple.appprotection:server] received note: name = com.apple.LaunchServices.applicationRegistered, object = Optional(AppProtection.DistnotedXPCEventStreamTranslator), userInfo = Optional([AnyHashable("bundleIDs"): <__NSSingleObjectArrayI 0x600000004700>(
org.rayforge.adwtest
)
, AnyHashable("isPlaceholder"): 1])
2026-07-03 06:56:08.378712+0000 0xb127     Default     0x0                  14622  2    appprotectiond: (AppProtection) [com.apple.appprotection:server] processing settings authority event: SettingsAuthorityEvent.promotePreferenceFromProvisionalForApplication(org.rayforge.adwtest)
2026-07-03 06:56:08.502102+0000 0xa3ca     Error       0x0                  14664  2    lsd: (CoreServices) [com.apple.launchservices:progress] Parent progress for org.rayforge.adwtest.Installing is invalid, cannot add children to it
2026-07-03 06:56:08.983518+0000 0xa3ca     Default     0x0                  14664  2    lsd: (CoreServices) [com.apple.launchservices:progress] unsubscribing from org.rayforge.adwtest.Installing as it was unpublished
2026-07-03 06:56:08.983652+0000 0xa3ca     Default     0x0                  14664  2    lsd: (CoreServices) [com.apple.launchservices:progress] #LSInstallProgressList remove subscriber: <_NSProgressSubscriber: 0x600000c08a20> publishingString: org.rayforge.adwtest.Installing
2026-07-03 06:56:08.988831+0000 0xba78     Default     0x0                  14633  5    passd: (CoreServices) [com.apple.launchservices:appinstallation] Received applicationsDidInstall:(
    "<LSApplicationProxy: 0x600003704c00> org.rayforge.adwtest file:///Users/runner/Library/Developer/CoreSimulator/Devices/BE920449-F1D7-494C-A634-8E97E2A80103/data/Containers/Bundle/Application/D6060EA8-EB91-486D-950E-F791C9CE4BD5/RayforgeAdw.app/ <org.rayforge.adwtest <installed >:0>"
)
2026-07-03 06:56:08.990462+0000 0xb31a     Default     0x0                  14670  5    liveactivitiesd: (CoreServices) [com.apple.launchservices:appinstallation] Received applicationsDidInstall:(
    "<LSApplicationProxy: 0x600003704180> org.rayforge.adwtest file:///Users/runner/Library/Developer/CoreSimulator/Devices/BE920449-F1D7-494C-A634-8E97E2A80103/data/Containers/Bundle/Application/D6060EA8-EB91-486D-950E-F791C9CE4BD5/RayforgeAdw.app/ <org.rayforge.adwtest <installed >:0>"
)
2026-07-03 06:56:08.993332+0000 0xad4d     Default     0x0                  14664  2    lsd: (CoreServices) [com.apple.launchservices:progress] Sent distributed notification com.apple.LaunchServices.applicationRegistered with payload {
    bundleIDs =     (
        "org.rayforge.adwtest"
    );
    isPlaceholder = 0;
}
2026-07-03 06:56:08.995758+0000 0xb013     Default     0x0                  14679  5    nsurlsessiond: (CoreServices) [com.apple.launchservices:appinstallation] Received applicationsDidInstall:(
    "<LSApplicationProxy: 0x600003708480> org.rayforge.adwtest file:///Users/runner/Library/Developer/CoreSimulator/Devices/BE920449-F1D7-494C-A634-8E97E2A80103/data/Containers/Bundle/Application/D6060EA8-EB91-486D-950E-F791C9CE4BD5/RayforgeAdw.app/ <org.rayforge.adwtest <installed >:0>"
)
2026-07-03 06:56:08.997482+0000 0xbbe7     Default     0x0                  15640  5    deviceaccessd: (CoreServices) [com.apple.launchservices:appinstallation] Received applicationsDidInstall:(
    "<LSApplicationProxy: 0x600003704000> org.rayforge.adwtest file:///Users/runner/Library/Developer/CoreSimulator/Devices/BE920449-F1D7-494C-A634-8E97E2A80103/data/Containers/Bundle/Application/D6060EA8-EB91-486D-950E-F791C9CE4BD5/RayforgeAdw.app/ <org.rayforge.adwtest <installed >:0>"
)
2026-07-03 06:56:08.998749+0000 0xb6f8     Default     0x0                  15639  5    nanotimekitcompaniond: (CoreServices) [com.apple.launchservices:appinstallation] Received applicationsDidInstall:(
    "<LSApplicationProxy: 0x600003708240> org.rayforge.adwtest file:///Users/runner/Library/Developer/CoreSimulator/Devices/BE920449-F1D7-494C-A634-8E97E2A80103/data/Containers/Bundle/Application/D6060EA8-EB91-486D-950E-F791C9CE4BD5/RayforgeAdw.app/ <org.rayforge.adwtest <installed >:0>"
)
2026-07-03 06:56:08.998753+0000 0xa452     Default     0x0                  14630  5    dasd: (CoreServices) [com.apple.launchservices:appinstallation] Received applicationsDidInstall:(
    "<LSApplicationProxy: 0x600003705140> org.rayforge.adwtest file:///Users/runner/Library/Developer/CoreSimulator/Devices/BE920449-F1D7-494C-A634-8E97E2A80103/data/Containers/Bundle/Application/D6060EA8-EB91-486D-950E-F791C9CE4BD5/RayforgeAdw.app/ <org.rayforge.adwtest <installed >:0>"
)
2026-07-03 06:56:09.002179+0000 0xb274     Default     0x0                  15650  5    appstored: (CoreServices) [com.apple.launchservices:appinstallation] Received applicationsDidInstall:(
    "<LSApplicationProxy: 0x600003709140> org.rayforge.adwtest file:///Users/runner/Library/Developer/CoreSimulator/Devices/BE920449-F1D7-494C-A634-8E97E2A80103/data/Containers/Bundle/Application/D6060EA8-EB91-486D-950E-F791C9CE4BD5/RayforgeAdw.app/ <org.rayforge.adwtest <installed >:0>"
)
2026-07-03 06:56:09.002972+0000 0xb1e3     Default     0x0                  15649  5    gamed: (CoreServices) [com.apple.launchservices:appinstallation] Received applicationsDidInstall:(
    "<LSApplicationProxy: 0x6000037036c0> org.rayforge.adwtest file:///Users/runner/Library/Developer/CoreSimulator/Devices/BE920449-F1D7-494C-A634-8E97E2A80103/data/Containers/Bundle/Application/D6060EA8-EB91-486D-950E-F791C9CE4BD5/RayforgeAdw.app/ <org.rayforge.adwtest <installed >:0>"
)
2026-07-03 06:56:09.003677+0000 0xa7ef     Default     0x0                  14711  5    homed: (CoreServices) [com.apple.launchservices:appinstallation] Received applicationsDidInstall:(
    "<LSApplicationProxy: 0x600003704180> org.rayforge.adwtest file:///Users/runner/Library/Developer/CoreSimulator/Devices/BE920449-F1D7-494C-A634-8E97E2A80103/data/Containers/Bundle/Application/D6060EA8-EB91-486D-950E-F791C9CE4BD5/RayforgeAdw.app/ <org.rayforge.adwtest <installed >:0>"
)
2026-07-03 06:56:09.005913+0000 0xbb34     Default     0x0                  14628  5    locationd: (CoreServices) [com.apple.launchservices:appinstallation] Received applicationsDidInstall:(
    "<LSApplicationProxy: 0x600003708840> org.rayforge.adwtest file:///Users/runner/Library/Developer/CoreSimulator/Devices/BE920449-F1D7-494C-A634-8E97E2A80103/data/Containers/Bundle/Application/D6060EA8-EB91-486D-950E-F791C9CE4BD5/RayforgeAdw.app/ <org.rayforge.adwtest <installed >:0>"
)
2026-07-03 06:56:09.006263+0000 0xa619     Default     0x0                  14713  5    callservicesd: (CoreServices) [com.apple.launchservices:appinstallation] Received applicationsDidInstall:(
    "<LSApplicationProxy: 0x107a10a80> org.rayforge.adwtest file:///Users/runner/Library/Developer/CoreSimulator/Devices/BE920449-F1D7-494C-A634-8E97E2A80103/data/Containers/Bundle/Application/D6060EA8-EB91-486D-950E-F791C9CE4BD5/RayforgeAdw.app/ <org.rayforge.adwtest <installed >:0>"
)
2026-07-03 06:56:09.006811+0000 0xa404     Default     0x0                  14602  5    SpringBoard: (CoreServices) [com.apple.launchservices:appinstallation] Received applicationsDidInstall:(
    "<LSApplicationProxy: 0x6000037dc3c0> org.rayforge.adwtest file:///Users/runner/Library/Developer/CoreSimulator/Devices/BE920449-F1D7-494C-A634-8E97E2A80103/data/Containers/Bundle/Application/D6060EA8-EB91-486D-950E-F791C9CE4BD5/RayforgeAdw.app/ <org.rayforge.adwtest <installed >:0>"
)
2026-07-03 06:56:09.007834+0000 0xb3ab     Default     0x0                  14619  5    mobiletimerd: (CoreServices) [com.apple.launchservices:appinstallation] Received applicationsDidInstall:(
    "<LSApplicationProxy: 0x600003704540> org.rayforge.adwtest file:///Users/runner/Library/Developer/CoreSimulator/Devices/BE920449-F1D7-494C-A634-8E97E2A80103/data/Containers/Bundle/Application/D6060EA8-EB91-486D-950E-F791C9CE4BD5/RayforgeAdw.app/ <org.rayforge.adwtest <installed >:0>"
)
2026-07-03 06:56:09.011188+0000 0xb829     Default     0x0                  14606  5    runningboardd: (CoreServices) [com.apple.launchservices:appinstallation] Received applicationsDidInstall:(
    "<LSApplicationProxy: 0x6000037015c0> org.rayforge.adwtest file:///Users/runner/Library/Developer/CoreSimulator/Devices/BE920449-F1D7-494C-A634-8E97E2A80103/data/Containers/Bundle/Application/D6060EA8-EB91-486D-950E-F791C9CE4BD5/RayforgeAdw.app/ <org.rayforge.adwtest <installed >:0>"
)
2026-07-03 06:56:09.024238+0000 0xb23e     Default     0x0                  15652  5    donotdisturbd: (CoreServices) [com.apple.launchservices:appinstallation] Received applicationsDidInstall:(
    "<LSApplicationProxy: 0x600003704300> org.rayforge.adwtest file:///Users/runner/Library/Developer/CoreSimulator/Devices/BE920449-F1D7-494C-A634-8E97E2A80103/data/Containers/Bundle/Application/D6060EA8-EB91-486D-950E-F791C9CE4BD5/RayforgeAdw.app/ <org.rayforge.adwtest <installed >:0>"
)
2026-07-03 06:56:09.024240+0000 0xbbe9     Default     0x0                  14611  5    routined: (CoreServices) [com.apple.launchservices:appinstallation] Received applicationsDidInstall:(
    "<LSApplicationProxy: 0x60000370dd40> org.rayforge.adwtest file:///Users/runner/Library/Developer/CoreSimulator/Devices/BE920449-F1D7-494C-A634-8E97E2A80103/data/Containers/Bundle/Application/D6060EA8-EB91-486D-950E-F791C9CE4BD5/RayforgeAdw.app/ <org.rayforge.adwtest <installed >:0>"
)
2026-07-03 06:56:09.024941+0000 0xb805     Default     0x0                  14736  5    financed: (CoreServices) [com.apple.launchservices:appinstallation] Received applicationsDidInstall:(
    "<LSApplicationProxy: 0x60000373e040> org.rayforge.adwtest file:///Users/runner/Library/Developer/CoreSimulator/Devices/BE920449-F1D7-494C-A634-8E97E2A80103/data/Containers/Bundle/Application/D6060EA8-EB91-486D-950E-F791C9CE4BD5/RayforgeAdw.app/ <org.rayforge.adwtest <installed >:0>"
)
2026-07-03 06:56:09.026820+0000 0xb087     Default     0x0                  14693  0    siriactionsd: (VoiceShortcuts) [com.apple.shortcuts:Daemon] Dispatching XPC event: <distributed notification: com.apple.LaunchServices.applicationRegistered, userInfo: [AnyHashable("bundleIDs"): <__NSSingleObjectArrayI 0x600000008770>(
org.rayforge.adwtest
)
, AnyHashable("isPlaceholder"): 0]>
2026-07-03 06:56:09.026905+0000 0xb087     Default     0x0                  14693  0    siriactionsd: (VoiceShortcutClient) [com.apple.shortcuts:XPCEvent] Dispatching XPC event: <distributed notification: com.apple.LaunchServices.applicationRegistered, userInfo: [AnyHashable("bundleIDs"): <__NSSingleObjectArrayI 0x600000008770>(
org.rayforge.adwtest
)
, AnyHashable("isPlaceholder"): 0]>
2026-07-03 06:56:09.039917+0000 0xb304     Default     0x0                  15740  5    profiled: (CoreServices) [com.apple.launchservices:appinstallation] Received applicationsDidInstall:(
    "<LSApplicationProxy: 0x600003708600> org.rayforge.adwtest file:///Users/runner/Library/Developer/CoreSimulator/Devices/BE920449-F1D7-494C-A634-8E97E2A80103/data/Containers/Bundle/Application/D6060EA8-EB91-486D-950E-F791C9CE4BD5/RayforgeAdw.app/ <org.rayforge.adwtest <installed >:0>"
)
2026-07-03 06:56:09.051657+0000 0xb11b     Default     0x0                  14622  2    appprotectiond: (AppProtection) [com.apple.appprotection:server] Received distnoted event <dictionary: 0x600003e01300> { count = 3, transaction: 0, voucher = 0x60000210a530, contents =
	"UserInfo" => <dictionary: 0x600002608960> { count = 2, transaction: 0, voucher = 0x0, contents =
		"isPlaceholder" => <bool: 0x1e5760410>: false
		"bundleIDs" => <array: 0x600000c18b70> { count = 1, capacity = 1, contents =
			0: <string: 0x600000c18c00> { string cache = 0x0, length = 20, contents = "org.rayforge.adwtest" }
		}
	}
	"Name" => <string: 0x600000c182d0> { string cache = 0x0, length = 46, contents = "com.apple.LaunchServices.applicationRegistered" }
	"XPCEventName" => <string: 0x600000c181e0> { string cache = 0x0, length = 21, contents = "ApplicationRegistered" }
}
2026-07-03 06:56:09.051861+0000 0xb11b     Default     0x0                  14622  2    appprotectiond: (AppProtection) [com.apple.appprotection:server] received note: name = com.apple.LaunchServices.applicationRegistered, object = Optional(AppProtection.DistnotedXPCEventStreamTranslator), userInfo = Optional([AnyHashable("bundleIDs"): <__NSSingleObjectArrayI 0x60000000c040>(
org.rayforge.adwtest
)
, AnyHashable("isPlaceholder"): 0])
2026-07-03 06:56:09.051941+0000 0xb11b     Default     0x0                  14622  2    appprotectiond: (AppProtection) [com.apple.appprotection:server] processing settings authority event: SettingsAuthorityEvent.promotePreferenceFromProvisionalForApplication(org.rayforge.adwtest)
2026-07-03 06:56:09.054239+0000 0xb0cd     Default     0x0                  15641  0    dmd: Received xpc stream event (distributed notification matching) with name: com.apple.LaunchServices.applicationRegistered user info: {
    bundleIDs =     (
        "org.rayforge.adwtest"
    );
    isPlaceholder = 0;
}
2026-07-03 06:56:09.058432+0000 0xb274     Default     0x0                  15650  14   appstored: (MobileInstallation) [com.apple.appinstallation:TransactionLog] org.rayforge.adwtest/Unknown Persona:5:8:3:1:applicationsDidInstall <LSApplicationProxy: 0x600003704f00> org.rayforge.adwtest file:///Users/runner/Library/Developer/CoreSimulator/Devices/BE920449-F1D7-494C-A634-8E97E2A80103/data/Containers/Bundle/Application/D6060EA8-EB91-486D-950E-F791C9CE4BD5/RayforgeAdw.app/ <org.rayforge.adwtest <installed >:0>
2026-07-03 06:56:09.065097+0000 0xba78     Default     0x0                  14633  14   passd: (MobileInstallation) [com.apple.appinstallation:TransactionLog] org.rayforge.adwtest/Unknown Persona:5:8:3:1:applicationsDidInstall <LSApplicationProxy: 0x600003700c00> org.rayforge.adwtest file:///Users/runner/Library/Developer/CoreSimulator/Devices/BE920449-F1D7-494C-A634-8E97E2A80103/data/Containers/Bundle/Application/D6060EA8-EB91-486D-950E-F791C9CE4BD5/RayforgeAdw.app/ <org.rayforge.adwtest <installed >:0>
2026-07-03 06:56:09.066732+0000 0xb3ab     Default     0x0                  14619  14   mobiletimerd: (MobileInstallation) [com.apple.appinstallation:TransactionLog] org.rayforge.adwtest/Unknown Persona:5:8:3:1:applicationsDidInstall <LSApplicationProxy: 0x600003700240> org.rayforge.adwtest file:///Users/runner/Library/Developer/CoreSimulator/Devices/BE920449-F1D7-494C-A634-8E97E2A80103/data/Containers/Bundle/Application/D6060EA8-EB91-486D-950E-F791C9CE4BD5/RayforgeAdw.app/ <org.rayforge.adwtest <installed >:0>
2026-07-03 06:56:09.067553+0000 0xb013     Default     0x0                  14679  14   nsurlsessiond: (MobileInstallation) [com.apple.appinstallation:TransactionLog] org.rayforge.adwtest/Unknown Persona:5:8:3:1:applicationsDidInstall <LSApplicationProxy: 0x600003708540> org.rayforge.adwtest file:///Users/runner/Library/Developer/CoreSimulator/Devices/BE920449-F1D7-494C-A634-8E97E2A80103/data/Containers/Bundle/Application/D6060EA8-EB91-486D-950E-F791C9CE4BD5/RayforgeAdw.app/ <org.rayforge.adwtest <installed >:0>
2026-07-03 06:56:09.067583+0000 0xb31a     Default     0x0                  14670  14   liveactivitiesd: (MobileInstallation) [com.apple.appinstallation:TransactionLog] org.rayforge.adwtest/Unknown Persona:5:8:3:1:applicationsDidInstall <LSApplicationProxy: 0x600003700480> org.rayforge.adwtest file:///Users/runner/Library/Developer/CoreSimulator/Devices/BE920449-F1D7-494C-A634-8E97E2A80103/data/Containers/Bundle/Application/D6060EA8-EB91-486D-950E-F791C9CE4BD5/RayforgeAdw.app/ <org.rayforge.adwtest <installed >:0>
