2026-07-03 11:48:49.529730+0000 0x95cc     Default     0x0                  12237  7    CoreSimulatorBridge: (InstallCoordination) [com.apple.installcoordination:framework] -[IXAppInstallCoordinator _clientDelegate_didUpdateProgress:forPhase:overallProgress:]: <IXInitiatingAppInstallCoordinator<0x600001702fc0> identity:[org.rayforge.pytest/Invalid/[system-defined]] uuid:66605565-F003-46DC-BFFA-7215DE4D2FDE creator:InstallCoordination Simple SPI>: Got did update progress delegate with percentComplete 20.000000 phase IXCoordinatorProgressPhaseInstalling overallProgress 68.000000
2026-07-03 11:48:49.529758+0000 0x95cc     Default     0x0                  12237  7    CoreSimulatorBridge: (InstallCoordination) [com.apple.installcoordination:framework] -[IXAppInstallCoordinator _clientDelegate_didUpdateProgress:forPhase:overallProgress:]_block_invoke: <IXInitiatingAppInstallCoordinator<0x600001702fc0> identity:[org.rayforge.pytest/Invalid/[system-defined]] uuid:66605565-F003-46DC-BFFA-7215DE4D2FDE creator:InstallCoordination Simple SPI>: Calling selector coordinator:didUpdateProgress:forPhase:overallProgress: on observer <_IXSimpleInstallerDelegate 0x0x600000c061f0>
2026-07-03 11:48:49.531404+0000 0x9805     Default     0x34b05              12841  7    installd: (libsystem_containermanager.dylib) [com.apple.containermanager:xpc] Query; euid = 501, uid = 501, class = 1, identifier = [org.rayforge.pytest](1), flags = 300000002
2026-07-03 11:48:49.531978+0000 0x9805     Default     0x34b07              12841  7    installd: (libsystem_containermanager.dylib) [com.apple.containermanager:xpc] Query; euid = 501, uid = 501, class = 1, identifier = [org.rayforge.pytest](1), flags = 300000002
2026-07-03 11:48:49.534806+0000 0x9805     Default     0x34b09              12841  7    installd: (libsystem_containermanager.dylib) [com.apple.containermanager:xpc] Query; euid = 501, uid = 501, class = 1, identifier = [org.rayforge.pytest](1), flags = 300000002
2026-07-03 11:48:49.534880+0000 0xa124     Default     0x0                  12921  7    installcoordinationd: [com.apple.installcoordination:daemon] -[IXSCoordinatorProgress setTotalUnitsCompleted:]: Progress for coordinator: [org.rayforge.pytest/Invalid/[system-defined]], Phase: IXCoordinatorProgressPhaseInstalling, Percentage: 20.000000: Attempt to set units completed on finished progress: 20
2026-07-03 11:48:49.535239+0000 0x9805     Default     0x34b0b              12841  7    installd: (libsystem_containermanager.dylib) [com.apple.containermanager:xpc] Query; euid = 501, uid = 501, class = 1, identifier = [org.rayforge.pytest](1), flags = 300000002
2026-07-03 11:48:49.537579+0000 0x9805     Default     0x0                  12841  0    installd: (MobileSystemServices) 0x16fdd3000 -[MIInstaller _installInstallable:containingSymlink:error:]: Installing <MIInstallableBundle ID=org.rayforge.pytest; Persona=com.apple.containermanager.primary-persona, Version=1, ShortVersion=0.1>
2026-07-03 11:48:49.537669+0000 0x9805     Default     0x0                  12841  14   installd: (MobileInstallation) [com.apple.appinstallation:TransactionLog] org.rayforge.pytest/com.apple.containermanager.primary-persona:7:5:1:1:Start : Install (New)
2026-07-03 11:48:49.537981+0000 0x9caa     Default     0x0                  12237  7    CoreSimulatorBridge: (InstallCoordination) [com.apple.installcoordination:framework] -[IXAppInstallCoordinator _clientDelegate_didUpdateProgress:forPhase:overallProgress:]: <IXInitiatingAppInstallCoordinator<0x600001702fc0> identity:[org.rayforge.pytest/Invalid/[system-defined]] uuid:66605565-F003-46DC-BFFA-7215DE4D2FDE creator:InstallCoordination Simple SPI>: Got did update progress delegate with percentComplete 30.000000 phase IXCoordinatorProgressPhaseInstalling overallProgress 72.000000
2026-07-03 11:48:49.538014+0000 0x9caa     Default     0x0                  12237  7    CoreSimulatorBridge: (InstallCoordination) [com.apple.installcoordination:framework] -[IXAppInstallCoordinator _clientDelegate_didUpdateProgress:forPhase:overallProgress:]_block_invoke: <IXInitiatingAppInstallCoordinator<0x600001702fc0> identity:[org.rayforge.pytest/Invalid/[system-defined]] uuid:66605565-F003-46DC-BFFA-7215DE4D2FDE creator:InstallCoordination Simple SPI>: Calling selector coordinator:didUpdateProgress:forPhase:overallProgress: on observer <_IXSimpleInstallerDelegate 0x0x600000c061f0>
2026-07-03 11:48:49.546379+0000 0x9805     Default     0x34b0d              12841  7    installd: (libsystem_containermanager.dylib) [com.apple.containermanager:query] Query; euid = 501, uid = 501, class = 4, identifier = [org.rayforge.pytest](1), flags = 300000002
2026-07-03 11:48:49.546618+0000 0x95cc     Default     0x0                  12237  7    CoreSimulatorBridge: (InstallCoordination) [com.apple.installcoordination:framework] -[IXAppInstallCoordinator _clientDelegate_didUpdateProgress:forPhase:overallProgress:]: <IXInitiatingAppInstallCoordinator<0x600001702fc0> identity:[org.rayforge.pytest/Invalid/[system-defined]] uuid:66605565-F003-46DC-BFFA-7215DE4D2FDE creator:InstallCoordination Simple SPI>: Got did update progress delegate with percentComplete 40.000000 phase IXCoordinatorProgressPhaseInstalling overallProgress 76.000000
2026-07-03 11:48:49.546670+0000 0x95cc     Default     0x0                  12237  7    CoreSimulatorBridge: (InstallCoordination) [com.apple.installcoordination:framework] -[IXAppInstallCoordinator _clientDelegate_didUpdateProgress:forPhase:overallProgress:]_block_invoke: <IXInitiatingAppInstallCoordinator<0x600001702fc0> identity:[org.rayforge.pytest/Invalid/[system-defined]] uuid:66605565-F003-46DC-BFFA-7215DE4D2FDE creator:InstallCoordination Simple SPI>: Calling selector coordinator:didUpdateProgress:forPhase:overallProgress: on observer <_IXSimpleInstallerDelegate 0x0x600000c061f0>
2026-07-03 11:48:49.546816+0000 0x9805     Default     0x34b0e              12841  7    installd: (libsystem_containermanager.dylib) [com.apple.containermanager:query] Query; euid = 501, uid = 501, class = 4, identifier = [org.rayforge.pytest](1), flags = 300000002
2026-07-03 11:48:49.547832+0000 0x9caa     Default     0x0                  12237  7    CoreSimulatorBridge: (InstallCoordination) [com.apple.installcoordination:framework] -[IXAppInstallCoordinator _clientDelegate_didUpdateProgress:forPhase:overallProgress:]: <IXInitiatingAppInstallCoordinator<0x600001702fc0> identity:[org.rayforge.pytest/Invalid/[system-defined]] uuid:66605565-F003-46DC-BFFA-7215DE4D2FDE creator:InstallCoordination Simple SPI>: Got did update progress delegate with percentComplete 50.000000 phase IXCoordinatorProgressPhaseInstalling overallProgress 80.000000
2026-07-03 11:48:49.547875+0000 0x9caa     Default     0x0                  12237  7    CoreSimulatorBridge: (InstallCoordination) [com.apple.installcoordination:framework] -[IXAppInstallCoordinator _clientDelegate_didUpdateProgress:forPhase:overallProgress:]_block_invoke: <IXInitiatingAppInstallCoordinator<0x600001702fc0> identity:[org.rayforge.pytest/Invalid/[system-defined]] uuid:66605565-F003-46DC-BFFA-7215DE4D2FDE creator:InstallCoordination Simple SPI>: Calling selector coordinator:didUpdateProgress:forPhase:overallProgress: on observer <_IXSimpleInstallerDelegate 0x0x600000c061f0>
2026-07-03 11:48:49.549160+0000 0x9805     Default     0x34b0f              12841  7    installd: (libsystem_containermanager.dylib) [com.apple.containermanager:xpc] Query; euid = 501, uid = 501, class = 1, identifier = [org.rayforge.pytest](1), flags = 300000003
2026-07-03 11:48:49.550066+0000 0x8bbf     Error       0x34b0f              12278  7    containermanagerd_system: (ContainerManagerCommon) [com.apple.containermanager:schema] [org.rayforge.pytest(1)] Current schema version (1) is newer than the latest (0), ignoring.
2026-07-03 11:48:49.550489+0000 0x8bbf     Default     0x34b0f              12278  7    containermanagerd_system: (ContainerManagerCommon) [com.apple.containermanager:schema] [u AFDAE3CB-5B53-46D5-B52E-1CE46B9EACCD:p D51AAC3D-A02B-488A-9EE1-D831DCE62DEE:c org.rayforge.pytest(1):i3431669] Successfully updated schema from (0) → (0), actions count = 0
2026-07-03 11:48:49.551187+0000 0x9805     Default     0x34c21              12841  7    installd: (libsystem_containermanager.dylib) [com.apple.containermanager:xpc] Query; euid = 501, uid = 501, class = 1, identifier = [org.rayforge.pytest](1), flags = 300000002
2026-07-03 11:48:49.551944+0000 0x95cc     Default     0x0                  12237  7    CoreSimulatorBridge: (InstallCoordination) [com.apple.installcoordination:framework] -[IXAppInstallCoordinator _clientDelegate_didUpdateProgress:forPhase:overallProgress:]: <IXInitiatingAppInstallCoordinator<0x600001702fc0> identity:[org.rayforge.pytest/Invalid/[system-defined]] uuid:66605565-F003-46DC-BFFA-7215DE4D2FDE creator:InstallCoordination Simple SPI>: Got did update progress delegate with percentComplete 60.000000 phase IXCoordinatorProgressPhaseInstalling overallProgress 84.000000
2026-07-03 11:48:49.551979+0000 0x95cc     Default     0x0                  12237  7    CoreSimulatorBridge: (InstallCoordination) [com.apple.installcoordination:framework] -[IXAppInstallCoordinator _clientDelegate_didUpdateProgress:forPhase:overallProgress:]_block_invoke: <IXInitiatingAppInstallCoordinator<0x600001702fc0> identity:[org.rayforge.pytest/Invalid/[system-defined]] uuid:66605565-F003-46DC-BFFA-7215DE4D2FDE creator:InstallCoordination Simple SPI>: Calling selector coordinator:didUpdateProgress:forPhase:overallProgress: on observer <_IXSimpleInstallerDelegate 0x0x600000c061f0>
2026-07-03 11:48:49.553415+0000 0x9805     Default     0x34c23              12841  7    installd: (libsystem_containermanager.dylib) [com.apple.containermanager:query] Query; euid = 501, uid = 501, class = 2, identifier = [org.rayforge.pytest](1), flags = 300000003
2026-07-03 11:48:49.553667+0000 0x9caa     Default     0x0                  12237  7    CoreSimulatorBridge: (InstallCoordination) [com.apple.installcoordination:framework] -[IXAppInstallCoordinator _clientDelegate_didUpdateProgress:forPhase:overallProgress:]: <IXInitiatingAppInstallCoordinator<0x600001702fc0> identity:[org.rayforge.pytest/Invalid/[system-defined]] uuid:66605565-F003-46DC-BFFA-7215DE4D2FDE creator:InstallCoordination Simple SPI>: Got did update progress delegate with percentComplete 70.000000 phase IXCoordinatorProgressPhaseInstalling overallProgress 88.000000
2026-07-03 11:48:49.553695+0000 0x9caa     Default     0x0                  12237  7    CoreSimulatorBridge: (InstallCoordination) [com.apple.installcoordination:framework] -[IXAppInstallCoordinator _clientDelegate_didUpdateProgress:forPhase:overallProgress:]_block_invoke: <IXInitiatingAppInstallCoordinator<0x600001702fc0> identity:[org.rayforge.pytest/Invalid/[system-defined]] uuid:66605565-F003-46DC-BFFA-7215DE4D2FDE creator:InstallCoordination Simple SPI>: Calling selector coordinator:didUpdateProgress:forPhase:overallProgress: on observer <_IXSimpleInstallerDelegate 0x0x600000c061f0>
2026-07-03 11:48:49.553967+0000 0x9805     Default     0x34c25              12841  7    installd: (libsystem_containermanager.dylib) [com.apple.containermanager:query] Query; euid = 501, uid = 501, class = 2, identifier = [org.rayforge.pytest](1), flags = 300000002
2026-07-03 11:48:49.565544+0000 0x95cc     Default     0x0                  12237  7    CoreSimulatorBridge: (InstallCoordination) [com.apple.installcoordination:framework] -[IXAppInstallCoordinator _clientDelegate_didUpdateProgress:forPhase:overallProgress:]: <IXInitiatingAppInstallCoordinator<0x600001702fc0> identity:[org.rayforge.pytest/Invalid/[system-defined]] uuid:66605565-F003-46DC-BFFA-7215DE4D2FDE creator:InstallCoordination Simple SPI>: Got did update progress delegate with percentComplete 80.000000 phase IXCoordinatorProgressPhaseInstalling overallProgress 92.000000
2026-07-03 11:48:49.565580+0000 0x95cc     Default     0x0                  12237  7    CoreSimulatorBridge: (InstallCoordination) [com.apple.installcoordination:framework] -[IXAppInstallCoordinator _clientDelegate_didUpdateProgress:forPhase:overallProgress:]_block_invoke: <IXInitiatingAppInstallCoordinator<0x600001702fc0> identity:[org.rayforge.pytest/Invalid/[system-defined]] uuid:66605565-F003-46DC-BFFA-7215DE4D2FDE creator:InstallCoordination Simple SPI>: Calling selector coordinator:didUpdateProgress:forPhase:overallProgress: on observer <_IXSimpleInstallerDelegate 0x0x600000c061f0>
2026-07-03 11:48:49.566715+0000 0x9805     Default     0x0                  12841  0    installd: (MobileSystemServices) 0x16fdd3000 -[MIInstallationJournalEntry _refreshUUIDForContainer:withError:]: Data container for org.rayforge.pytest is now at /Users/runner/Library/Developer/CoreSimulator/Devices/982651E4-76E1-4C60-AE3A-6468E64BCB77/data/Containers/Data/Application/9A9A30AC-AC72-412D-BA77-B32644A92F5B
2026-07-03 11:48:49.567345+0000 0x94f6     Default     0x34c28              12285  7    containermanagerd: (ContainerManagerCommon) [com.apple.containermanager:schema] [u D003A447-A18A-4F21-8CDC-9A5569D48486:p 9A9A30AC-AC72-412D-BA77-B32644A92F5B:c org.rayforge.pytest(2):i0] Successfully updated schema from (0) → (1), actions count = 6
2026-07-03 11:48:49.567428+0000 0x9805     Default     0x34c29              12841  7    installd: (libsystem_containermanager.dylib) [com.apple.containermanager:unspecified] Replace; old = [app:org.rayforge.pytest:501::(1DE816C4-004A-4AAD-814F-D39943C45E1F)], new = [temp-app:org.rayforge.pytest:501::(AFDAE3CB-5B53-46D5-B52E-1CE46B9EACCD)]
2026-07-03 11:48:49.578581+0000 0x9805     Default     0x34c2a              12841  7    installd: (libsystem_containermanager.dylib) [com.apple.containermanager:xpc] Query; euid = 501, uid = 501, class = 1, identifier = [org.rayforge.pytest](1), flags = 300000002
2026-07-03 11:48:49.579512+0000 0x9805     Default     0x0                  12841  0    installd: (MobileSystemServices) 0x16fdd3000 -[MIContainer makeContainerLiveReplacingContainer:reason:waitForDeletion:withError:]: Made container live for org.rayforge.pytest at /Users/runner/Library/Developer/CoreSimulator/Devices/982651E4-76E1-4C60-AE3A-6468E64BCB77/data/Containers/Bundle/Application/DDA1C5BE-89BF-42C2-A1B2-D018BDA7A50E
2026-07-03 11:48:49.580096+0000 0x9805     Default     0x34c2c              12841  7    installd: (libsystem_containermanager.dylib) [com.apple.containermanager:xpc] Query; euid = 501, uid = 501, class = 1, identifier = [org.rayforge.pytest](1), flags = 300000002
2026-07-03 11:48:49.581992+0000 0x9caa     Default     0x0                  12237  7    CoreSimulatorBridge: (InstallCoordination) [com.apple.installcoordination:framework] -[IXAppInstallCoordinator _clientDelegate_didUpdateProgress:forPhase:overallProgress:]: <IXInitiatingAppInstallCoordinator<0x600001702fc0> identity:[org.rayforge.pytest/Invalid/[system-defined]] uuid:66605565-F003-46DC-BFFA-7215DE4D2FDE creator:InstallCoordination Simple SPI>: Got did update progress delegate with percentComplete 90.000000 phase IXCoordinatorProgressPhaseInstalling overallProgress 96.000000
2026-07-03 11:48:49.582030+0000 0x9caa     Default     0x0                  12237  7    CoreSimulatorBridge: (InstallCoordination) [com.apple.installcoordination:framework] -[IXAppInstallCoordinator _clientDelegate_didUpdateProgress:forPhase:overallProgress:]_block_invoke: <IXInitiatingAppInstallCoordinator<0x600001702fc0> identity:[org.rayforge.pytest/Invalid/[system-defined]] uuid:66605565-F003-46DC-BFFA-7215DE4D2FDE creator:InstallCoordination Simple SPI>: Calling selector coordinator:didUpdateProgress:forPhase:overallProgress: on observer <_IXSimpleInstallerDelegate 0x0x600000c061f0>
2026-07-03 11:48:49.582063+0000 0x94f6     Default     0x34c2f              12285  7    containermanagerd: (ContainerManagerCommon) [com.apple.containermanager:codesignmapping] Reconciled [org.rayforge.pytest]; old app groups: (null), new app groups: (null), old system groups: (null), new system groups: (null)
2026-07-03 11:48:49.582337+0000 0x9805     Default     0x34c50              12841  7    installd: (libsystem_containermanager.dylib) [com.apple.containermanager:unspecified] Requesting disk usage; class = 1, identifier = org.rayforge.pytest
2026-07-03 11:48:49.589813+0000 0x9805     Default     0x34c51              12841  7    installd: (libsystem_containermanager.dylib) [com.apple.containermanager:query] Query; euid = 501, uid = 501, class = 7, identifier = [org.rayforge.pytest](1), flags = 300000001
2026-07-03 11:48:49.591227+0000 0x8af0     Default     0x34bbf              12205  0    SpringBoard: (SpringBoard) [com.apple.SpringBoard:Common] termination assertion released for org.rayforge.pytest (app not found)
2026-07-03 11:48:49.598899+0000 0x9805     Default     0x0                  12841  0    installd: (MobileSystemServices) 0x16fdd3000 -[MILaunchServicesOperationManager _onQueue_addPendingLaunchServicesOperation:error:]: Added pending LS operation <MILaunchServicesRegisterOperation: 0B90CE37-F35F-4474-92BF-9BAD127C030C:2 org.rayforge.pytest/MIInstallationDomainSystemShared personas:[com.apple.containermanager.primary-persona]>
2026-07-03 11:48:49.599420+0000 0x8c6b     Default     0x0                  12280  5    lsd: (CoreServices) [com.apple.launchservices:appinstallation] Post installation registration: request to register org.rayforge.pytest, operation 0B90CE37-F35F-4474-92BF-9BAD127C030C, from pid 12841
2026-07-03 11:48:49.599561+0000 0x8c6b     Default     0x0                  12280  14   lsd: (MobileInstallation) [com.apple.appinstallation:TransactionLog] org.rayforge.pytest/Unknown Persona:5:4:1:1:Registering bundles via registrant - start
2026-07-03 11:48:49.601492+0000 0x8c6b     Default     0x0                  12280  14   lsd: (MobileInstallation) [com.apple.appinstallation:TransactionLog] org.rayforge.pytest/Unknown Persona:5:5:1:1:Building bundle record for app
2026-07-03 11:48:49.601592+0000 0x8c6b     Default     0x0                  12280  5    lsd: (CoreServices) [com.apple.launchservices:appinstallation] Removed existing registered placeholder for org.rayforge.pytest
2026-07-03 11:48:49.601694+0000 0x8c6b     Default     0x0                  12280  14   lsd: (MobileInstallation) [com.apple.appinstallation:TransactionLog] org.rayforge.pytest/Unknown Persona:5:5:2:1:Built bundle record for app
2026-07-03 11:48:49.602201+0000 0x8c6b     Default     0x0                  12280  2    lsd: (CoreServices) [com.apple.launchservices:icons] clearAlternateNameForBundleIdentifier: will clear for org.rayforge.pytest
2026-07-03 11:48:49.602275+0000 0x8c6b     Default     0x0                  12280  14   lsd: (MobileInstallation) [com.apple.appinstallation:TransactionLog] org.rayforge.pytest/Unknown Persona:5:4:2:1:Registered bundle status = success
2026-07-03 11:48:49.602394+0000 0x8c6b     Default     0x0                  12280  14   lsd: (MobileInstallation) [com.apple.appinstallation:TransactionLog] org.rayforge.pytest/Unknown Persona:5:4:2:1:Finished registering org.rayforge.pytest, bundle unit 2a4
2026-07-03 11:48:49.602604+0000 0x8c6b     Default     0x0                  12280  2    lsd: (CoreServices) [com.apple.launchservices:progress] Installation ended for org.rayforge.pytest with state 5
2026-07-03 11:48:49.602787+0000 0x8c6b     Default     0x0                  12280  2    lsd: (CoreServices) [com.apple.launchservices:progress] Discarding proportions for org.rayforge.pytest
2026-07-03 11:48:49.603169+0000 0x9805     Default     0x0                  12841  0    installd: (MobileSystemServices) 0x16fdd3000 -[MIJournal purgeJournalEntry:withError:]: Removing journal entry <MIInstallationJournalEntry<0x600003304320> [org.rayforge.pytest/com.apple.containermanager.primary-persona/[system-defined]]/MIInstallationDomainSystemShared op:1 phase:JournalPhaseDidRegisterWithLS version:1>
2026-07-03 11:48:49.603380+0000 0x9805     Default     0x0                  12841  14   installd: (MobileInstallation) [com.apple.appinstallation:TransactionLog] org.rayforge.pytest/com.apple.containermanager.primary-persona:7:5:2:1:Success (End) : Install (New)
2026-07-03 11:48:49.603552+0000 0x9805     Default     0x0                  12841  0    installd: (MobileSystemServices) 0x16fdd3000 -[MIInstaller _logOperationCompletionWithStartTime:distributorID:]: Install successful for (Developer:org.rayforge.pytest) [Distributor: (null)]; Staging: 0.29s; Waiting: 0.00s; Preflight/Patch: 0.01s, Verifying: 0.00s; Overall: 0.36s
2026-07-03 11:48:49.603927+0000 0x8c6b     Default     0x0                  12280  2    lsd: (CoreServices) [com.apple.launchservices:progress] Sending applicationsDidInstall: for (
    "<LSApplicationProxy: 0x600003705f80> org.rayforge.pytest file:///Users/runner/Library/Developer/CoreSimulator/Devices/982651E4-76E1-4C60-AE3A-6468E64BCB77/data/Containers/Bundle/Application/DDA1C5BE-89BF-42C2-A1B2-D018BDA7A50E/RayforgePy.app/ <org.rayforge.pytest <installed >:0>"
)
2026-07-03 11:48:49.604731+0000 0xa15e     Default     0x0                  12921  7    installcoordinationd: [com.apple.installcoordination:daemon] -[IXSPendingOperationsTracker endPendingOperationForIdentity:]_block_invoke: Ending pending operation for [org.rayforge.pytest/Invalid/[system-defined]]
2026-07-03 11:48:49.605567+0000 0x9caa     Default     0x0                  12237  7    CoreSimulatorBridge: (InstallCoordination) [com.apple.installcoordination:framework] -[IXAppInstallCoordinator _clientDelegate_didUpdateProgress:forPhase:overallProgress:]: <IXInitiatingAppInstallCoordinator<0x600001702fc0> identity:[org.rayforge.pytest/Invalid/[system-defined]] uuid:66605565-F003-46DC-BFFA-7215DE4D2FDE creator:InstallCoordination Simple SPI>: Got did update progress delegate with percentComplete 100.000000 phase IXCoordinatorProgressPhaseInstalling overallProgress 100.000000
2026-07-03 11:48:49.605600+0000 0x9caa     Default     0x0                  12237  7    CoreSimulatorBridge: (InstallCoordination) [com.apple.installcoordination:framework] -[IXAppInstallCoordinator _clientDelegate_didUpdateProgress:forPhase:overallProgress:]_block_invoke: <IXInitiatingAppInstallCoordinator<0x600001702fc0> identity:[org.rayforge.pytest/Invalid/[system-defined]] uuid:66605565-F003-46DC-BFFA-7215DE4D2FDE creator:InstallCoordination Simple SPI>: Calling selector coordinator:didUpdateProgress:forPhase:overallProgress: on observer <_IXSimpleInstallerDelegate 0x0x600000c061f0>
2026-07-03 11:48:49.605737+0000 0x962f     Default     0x0                  12854  2    appstored: (CoreServices) [com.apple.launchservices:progress] Unpublishing progress block called for app org.rayforge.pytest
2026-07-03 11:48:49.605802+0000 0xa15e     Default     0x0                  12921  7    installcoordinationd: [com.apple.installcoordination:daemon] -[IXSCoordinatedAppInstall setComplete:]: <IXSCoordinatedAppInstall<0x1029097d0> [P=CoreSimulatorBridge (pid 12237)] identifier:[org.rayforge.pytest/Invalid/[system-defined]] uuid:66605565-F003-46DC-BFFA-7215DE4D2FDE intent:IXCoordinatorIntentInitiating creator/appDRI:InstallCoordination Simple SPI importance:UserWaiting state:IXAppCoordinationStateComplete promise-state:PA2I4> complete!
2026-07-03 11:48:49.605850+0000 0x8bbb     Default     0x0                  12280  2    lsd: (CoreServices) [com.apple.launchservices:progress] unsubscribing from org.rayforge.pytest.Installing as it was unpublished
2026-07-03 11:48:49.606190+0000 0x8af0     Default     0x34b63              12205  2    SpringBoard: (CoreServices) [com.apple.launchservices:progress] Unpublishing progress block called for app org.rayforge.pytest
2026-07-03 11:48:49.606235+0000 0x8bf2     Default     0x34b63              12205  2    SpringBoard: (CoreServices) [com.apple.launchservices:progress] #LSInstallProgressList remove subscriber: <_NSProgressSubscriber: 0x600000d6ee20> publishingString: org.rayforge.pytest
2026-07-03 11:48:49.606283+0000 0x975e     Default     0x0                  12854  2    appstored: (CoreServices) [com.apple.launchservices:progress] #LSInstallProgressList remove subscriber: <_NSProgressSubscriber: 0x600000c10f00> publishingString: org.rayforge.pytest
2026-07-03 11:48:49.607145+0000 0x8d87     Default     0x0                  12332  5    callservicesd: (CoreServices) [com.apple.launchservices:appinstallation] Received applicationsDidInstall:(
    "<LSApplicationProxy: 0x1039c49c0> org.rayforge.pytest file:///Users/runner/Library/Developer/CoreSimulator/Devices/982651E4-76E1-4C60-AE3A-6468E64BCB77/data/Containers/Bundle/Application/DDA1C5BE-89BF-42C2-A1B2-D018BDA7A50E/RayforgePy.app/ <org.rayforge.pytest <installed >:0>"
)
2026-07-03 11:48:49.607361+0000 0x9a0a     Default     0x0                  12857  5    gamed: (CoreServices) [com.apple.launchservices:appinstallation] Received applicationsDidInstall:(
    "<LSApplicationProxy: 0x600003700e40> org.rayforge.pytest file:///Users/runner/Library/Developer/CoreSimulator/Devices/982651E4-76E1-4C60-AE3A-6468E64BCB77/data/Containers/Bundle/Application/DDA1C5BE-89BF-42C2-A1B2-D018BDA7A50E/RayforgePy.app/ <org.rayforge.pytest <installed >:0>"
)
2026-07-03 11:48:49.607528+0000 0x983e     Default     0x0                  12854  5    appstored: (CoreServices) [com.apple.launchservices:appinstallation] Received applicationsDidInstall:(
    "<LSApplicationProxy: 0x600003704d80> org.rayforge.pytest file:///Users/runner/Library/Developer/CoreSimulator/Devices/982651E4-76E1-4C60-AE3A-6468E64BCB77/data/Containers/Bundle/Application/DDA1C5BE-89BF-42C2-A1B2-D018BDA7A50E/RayforgePy.app/ <org.rayforge.pytest <installed >:0>"
)
2026-07-03 11:48:49.607810+0000 0x95bf     Default     0x0                  12861  5    profiled: (CoreServices) [com.apple.launchservices:appinstallation] Received applicationsDidInstall:(
    "<LSApplicationProxy: 0x600003705d40> org.rayforge.pytest file:///Users/runner/Library/Developer/CoreSimulator/Devices/982651E4-76E1-4C60-AE3A-6468E64BCB77/data/Containers/Bundle/Application/DDA1C5BE-89BF-42C2-A1B2-D018BDA7A50E/RayforgePy.app/ <org.rayforge.pytest <installed >:0>"
)
2026-07-03 11:48:49.607959+0000 0x98fc     Default     0x0                  12290  5    liveactivitiesd: (CoreServices) [com.apple.launchservices:appinstallation] Received applicationsDidInstall:(
    "<LSApplicationProxy: 0x600003708240> org.rayforge.pytest file:///Users/runner/Library/Developer/CoreSimulator/Devices/982651E4-76E1-4C60-AE3A-6468E64BCB77/data/Containers/Bundle/Application/DDA1C5BE-89BF-42C2-A1B2-D018BDA7A50E/RayforgePy.app/ <org.rayforge.pytest <installed >:0>"
)
2026-07-03 11:48:49.608370+0000 0x8f27     Default     0x0                  12364  5    financed: (CoreServices) [com.apple.launchservices:appinstallation] Received applicationsDidInstall:(
    "<LSApplicationProxy: 0x600003735b00> org.rayforge.pytest file:///Users/runner/Library/Developer/CoreSimulator/Devices/982651E4-76E1-4C60-AE3A-6468E64BCB77/data/Containers/Bundle/Application/DDA1C5BE-89BF-42C2-A1B2-D018BDA7A50E/RayforgePy.app/ <org.rayforge.pytest <installed >:0>"
)
2026-07-03 11:48:49.608459+0000 0x9632     Default     0x0                  12860  5    donotdisturbd: (CoreServices) [com.apple.launchservices:appinstallation] Received applicationsDidInstall:(
    "<LSApplicationProxy: 0x600003705980> org.rayforge.pytest file:///Users/runner/Library/Developer/CoreSimulator/Devices/982651E4-76E1-4C60-AE3A-6468E64BCB77/data/Containers/Bundle/Application/DDA1C5BE-89BF-42C2-A1B2-D018BDA7A50E/RayforgePy.app/ <org.rayforge.pytest <installed >:0>"
)
2026-07-03 11:48:49.608795+0000 0x9574     Default     0x0                  12236  5    passd: (CoreServices) [com.apple.launchservices:appinstallation] Received applicationsDidInstall:(
    "<LSApplicationProxy: 0x600003700900> org.rayforge.pytest file:///Users/runner/Library/Developer/CoreSimulator/Devices/982651E4-76E1-4C60-AE3A-6468E64BCB77/data/Containers/Bundle/Application/DDA1C5BE-89BF-42C2-A1B2-D018BDA7A50E/RayforgePy.app/ <org.rayforge.pytest <installed >:0>"
)
2026-07-03 11:48:49.608872+0000 0xa180     Default     0x0                  12231  5    locationd: (CoreServices) [com.apple.launchservices:appinstallation] Received applicationsDidInstall:(
    "<LSApplicationProxy: 0x600003708780> org.rayforge.pytest file:///Users/runner/Library/Developer/CoreSimulator/Devices/982651E4-76E1-4C60-AE3A-6468E64BCB77/data/Containers/Bundle/Application/DDA1C5BE-89BF-42C2-A1B2-D018BDA7A50E/RayforgePy.app/ <org.rayforge.pytest <installed >:0>"
)
2026-07-03 11:48:49.609243+0000 0x9827     Default     0x0                  12293  5    nsurlsessiond: (CoreServices) [com.apple.launchservices:appinstallation] Received applicationsDidInstall:(
    "<LSApplicationProxy: 0x600003700c00> org.rayforge.pytest file:///Users/runner/Library/Developer/CoreSimulator/Devices/982651E4-76E1-4C60-AE3A-6468E64BCB77/data/Containers/Bundle/Application/DDA1C5BE-89BF-42C2-A1B2-D018BDA7A50E/RayforgePy.app/ <org.rayforge.pytest <installed >:0>"
)
2026-07-03 11:48:49.609489+0000 0x8d57     Default     0x0                  12213  5    routined: (CoreServices) [com.apple.launchservices:appinstallation] Received applicationsDidInstall:(
    "<LSApplicationProxy: 0x600003718300> org.rayforge.pytest file:///Users/runner/Library/Developer/CoreSimulator/Devices/982651E4-76E1-4C60-AE3A-6468E64BCB77/data/Containers/Bundle/Application/DDA1C5BE-89BF-42C2-A1B2-D018BDA7A50E/RayforgePy.app/ <org.rayforge.pytest <installed >:0>"
)
2026-07-03 11:48:49.609650+0000 0x8bf9     Default     0x0                  12233  5    dasd: (CoreServices) [com.apple.launchservices:appinstallation] Received applicationsDidInstall:(
    "<LSApplicationProxy: 0x600003701140> org.rayforge.pytest file:///Users/runner/Library/Developer/CoreSimulator/Devices/982651E4-76E1-4C60-AE3A-6468E64BCB77/data/Containers/Bundle/Application/DDA1C5BE-89BF-42C2-A1B2-D018BDA7A50E/RayforgePy.app/ <org.rayforge.pytest <installed >:0>"
)
2026-07-03 11:48:49.609737+0000 0x9932     Default     0x0                  12222  5    mobiletimerd: (CoreServices) [com.apple.launchservices:appinstallation] Received applicationsDidInstall:(
    "<LSApplicationProxy: 0x600003708300> org.rayforge.pytest file:///Users/runner/Library/Developer/CoreSimulator/Devices/982651E4-76E1-4C60-AE3A-6468E64BCB77/data/Containers/Bundle/Application/DDA1C5BE-89BF-42C2-A1B2-D018BDA7A50E/RayforgePy.app/ <org.rayforge.pytest <installed >:0>"
)
2026-07-03 11:48:49.610086+0000 0x9588     Default     0x0                  12208  5    runningboardd: (CoreServices) [com.apple.launchservices:appinstallation] Received applicationsDidInstall:(
    "<LSApplicationProxy: 0x600003700d80> org.rayforge.pytest file:///Users/runner/Library/Developer/CoreSimulator/Devices/982651E4-76E1-4C60-AE3A-6468E64BCB77/data/Containers/Bundle/Application/DDA1C5BE-89BF-42C2-A1B2-D018BDA7A50E/RayforgePy.app/ <org.rayforge.pytest <installed >:0>"
)
2026-07-03 11:48:49.610347+0000 0x8c6b     Default     0x0                  12280  2    lsd: (CoreServices) [com.apple.launchservices:progress] Sent distributed notification com.apple.LaunchServices.applicationRegistered with payload {
    bundleIDs =     (
        "org.rayforge.pytest"
    );
    isPlaceholder = 0;
}
2026-07-03 11:48:49.610629+0000 0x981a     Default     0x0                  12846  5    nanotimekitcompaniond: (CoreServices) [com.apple.launchservices:appinstallation] Received applicationsDidInstall:(
    "<LSApplicationProxy: 0x6000037003c0> org.rayforge.pytest file:///Users/runner/Library/Developer/CoreSimulator/Devices/982651E4-76E1-4C60-AE3A-6468E64BCB77/data/Containers/Bundle/Application/DDA1C5BE-89BF-42C2-A1B2-D018BDA7A50E/RayforgePy.app/ <org.rayforge.pytest <installed >:0>"
)
2026-07-03 11:48:49.611028+0000 0x9665     Default     0x0                  12847  5    deviceaccessd: (CoreServices) [com.apple.launchservices:appinstallation] Received applicationsDidInstall:(
    "<LSApplicationProxy: 0x6000037003c0> org.rayforge.pytest file:///Users/runner/Library/Developer/CoreSimulator/Devices/982651E4-76E1-4C60-AE3A-6468E64BCB77/data/Containers/Bundle/Application/DDA1C5BE-89BF-42C2-A1B2-D018BDA7A50E/RayforgePy.app/ <org.rayforge.pytest <installed >:0>"
)
2026-07-03 11:48:49.611484+0000 0x983e     Default     0x0                  12854  14   appstored: (MobileInstallation) [com.apple.appinstallation:TransactionLog] org.rayforge.pytest/Unknown Persona:5:8:3:1:applicationsDidInstall <LSApplicationProxy: 0x600003709a40> org.rayforge.pytest file:///Users/runner/Library/Developer/CoreSimulator/Devices/982651E4-76E1-4C60-AE3A-6468E64BCB77/data/Containers/Bundle/Application/DDA1C5BE-89BF-42C2-A1B2-D018BDA7A50E/RayforgePy.app/ <org.rayforge.pytest <installed >:0>
2026-07-03 11:48:49.611492+0000 0x95bf     Default     0x0                  12861  14   profiled: (MobileInstallation) [com.apple.appinstallation:TransactionLog] org.rayforge.pytest/Unknown Persona:5:8:3:1:applicationsDidInstall <LSApplicationProxy: 0x600003701440> org.rayforge.pytest file:///Users/runner/Library/Developer/CoreSimulator/Devices/982651E4-76E1-4C60-AE3A-6468E64BCB77/data/Containers/Bundle/Application/DDA1C5BE-89BF-42C2-A1B2-D018BDA7A50E/RayforgePy.app/ <org.rayforge.pytest <installed >:0>
2026-07-03 11:48:49.612234+0000 0x98fc     Default     0x0                  12290  14   liveactivitiesd: (MobileInstallation) [com.apple.appinstallation:TransactionLog] org.rayforge.pytest/Unknown Persona:5:8:3:1:applicationsDidInstall <LSApplicationProxy: 0x600003704480> org.rayforge.pytest file:///Users/runner/Library/Developer/CoreSimulator/Devices/982651E4-76E1-4C60-AE3A-6468E64BCB77/data/Containers/Bundle/Application/DDA1C5BE-89BF-42C2-A1B2-D018BDA7A50E/RayforgePy.app/ <org.rayforge.pytest <installed >:0>
2026-07-03 11:48:49.612490+0000 0x8f27     Default     0x0                  12364  14   financed: (MobileInstallation) [com.apple.appinstallation:TransactionLog] org.rayforge.pytest/Unknown Persona:5:8:3:1:applicationsDidInstall <LSApplicationProxy: 0x60000373c3c0> org.rayforge.pytest file:///Users/runner/Library/Developer/CoreSimulator/Devices/982651E4-76E1-4C60-AE3A-6468E64BCB77/data/Containers/Bundle/Application/DDA1C5BE-89BF-42C2-A1B2-D018BDA7A50E/RayforgePy.app/ <org.rayforge.pytest <installed >:0>
2026-07-03 11:48:49.614753+0000 0x9a0a     Default     0x0                  12857  14   gamed: (MobileInstallation) [com.apple.appinstallation:TransactionLog] org.rayforge.pytest/Unknown Persona:5:8:3:1:applicationsDidInstall <LSApplicationProxy: 0x600003705500> org.rayforge.pytest file:///Users/runner/Library/Developer/CoreSimulator/Devices/982651E4-76E1-4C60-AE3A-6468E64BCB77/data/Containers/Bundle/Application/DDA1C5BE-89BF-42C2-A1B2-D018BDA7A50E/RayforgePy.app/ <org.rayforge.pytest <installed >:0>
2026-07-03 11:48:49.614940+0000 0x981a     Default     0x0                  12846  14   nanotimekitcompaniond: (MobileInstallation) [com.apple.appinstallation:TransactionLog] org.rayforge.pytest/Unknown Persona:5:8:3:1:applicationsDidInstall <LSApplicationProxy: 0x600003704000> org.rayforge.pytest file:///Users/runner/Library/Developer/CoreSimulator/Devices/982651E4-76E1-4C60-AE3A-6468E64BCB77/data/Containers/Bundle/Application/DDA1C5BE-89BF-42C2-A1B2-D018BDA7A50E/RayforgePy.app/ <org.rayforge.pytest <installed >:0>
2026-07-03 11:48:49.615172+0000 0x9827     Default     0x0                  12293  14   nsurlsessiond: (MobileInstallation) [com.apple.appinstallation:TransactionLog] org.rayforge.pytest/Unknown Persona:5:8:3:1:applicationsDidInstall <LSApplicationProxy: 0x600003708180> org.rayforge.pytest file:///Users/runner/Library/Developer/CoreSimulator/Devices/982651E4-76E1-4C60-AE3A-6468E64BCB77/data/Containers/Bundle/Application/DDA1C5BE-89BF-42C2-A1B2-D018BDA7A50E/RayforgePy.app/ <org.rayforge.pytest <installed >:0>
2026-07-03 11:48:49.615629+0000 0x981a     Default     0x0                  12846  0    nanotimekitcompaniond: (NanoTimeKit) [com.apple.NanoTimeKit:UpNext] Setting data sources for SiriDefaultsPhoneThirdPartyDataSources - {(
    "org.rayforge.pytest"
)}
2026-07-03 11:48:49.615638+0000 0x9932     Default     0x0                  12222  14   mobiletimerd: (MobileInstallation) [com.apple.appinstallation:TransactionLog] org.rayforge.pytest/Unknown Persona:5:8:3:1:applicationsDidInstall <LSApplicationProxy: 0x600003704300> org.rayforge.pytest file:///Users/runner/Library/Developer/CoreSimulator/Devices/982651E4-76E1-4C60-AE3A-6468E64BCB77/data/Containers/Bundle/Application/DDA1C5BE-89BF-42C2-A1B2-D018BDA7A50E/RayforgePy.app/ <org.rayforge.pytest <installed >:0>
2026-07-03 11:48:49.615761+0000 0x8bf9     Default     0x0                  12233  14   dasd: (MobileInstallation) [com.apple.appinstallation:TransactionLog] org.rayforge.pytest/Unknown Persona:5:8:3:1:applicationsDidInstall <LSApplicationProxy: 0x6000037086c0> org.rayforge.pytest file:///Users/runner/Library/Developer/CoreSimulator/Devices/982651E4-76E1-4C60-AE3A-6468E64BCB77/data/Containers/Bundle/Application/DDA1C5BE-89BF-42C2-A1B2-D018BDA7A50E/RayforgePy.app/ <org.rayforge.pytest <installed >:0>
2026-07-03 11:48:49.616185+0000 0xa180     Default     0x0                  12231  14   locationd: (MobileInstallation) [com.apple.appinstallation:TransactionLog] org.rayforge.pytest/Unknown Persona:5:8:3:1:applicationsDidInstall <LSApplicationProxy: 0x600003708900> org.rayforge.pytest file:///Users/runner/Library/Developer/CoreSimulator/Devices/982651E4-76E1-4C60-AE3A-6468E64BCB77/data/Containers/Bundle/Application/DDA1C5BE-89BF-42C2-A1B2-D018BDA7A50E/RayforgePy.app/ <org.rayforge.pytest <installed >:0>
2026-07-03 11:48:49.616359+0000 0xa180     Default     0x0                  12231  0    locationd: [com.apple.locationd.Core:Core] {"msg":"#Warning #ClientResolution the passed keyPath is not registered. Resolving to #nullCKP", "InputCKP":iorg.rayforge.pytest:}
2026-07-03 11:48:49.616371+0000 0xa180     Default     0x0                  12231  0    locationd: [com.apple.locationd.Core:Core] {"msg":"AppMonitor - application (un)installation notification", "notification":Installation, "BundleId":org.rayforge.pytest, "BundlePath":/Users/runner/Library/Developer/CoreSimulator/Devices/982651E4-76E1-4C60-AE3A-6468E64BCB77/data/Containers/Bundle/Application/DDA1C5BE-89BF-42C2-A1B2-D018BDA7A50E/RayforgePy.app, "ExecutablePath":/Users/runner/Library/Developer/CoreSimulator/Devices/982651E4-76E1-4C60-AE3A-6468E64BCB77/data/Containers/Bundle/Application/DDA1C5BE-89BF-42C2-A1B2-D018BDA7A50E/RayforgePy.app/rayforge-pytest}
2026-07-03 11:48:49.616440+0000 0x9574     Default     0x0                  12236  14   passd: (MobileInstallation) [com.apple.appinstallation:TransactionLog] org.rayforge.pytest/Unknown Persona:5:8:3:1:applicationsDidInstall <LSApplicationProxy: 0x600003701200> org.rayforge.pytest file:///Users/runner/Library/Developer/CoreSimulator/Devices/982651E4-76E1-4C60-AE3A-6468E64BCB77/data/Containers/Bundle/Application/DDA1C5BE-89BF-42C2-A1B2-D018BDA7A50E/RayforgePy.app/ <org.rayforge.pytest <installed >:0>
2026-07-03 11:48:49.616847+0000 0x9632     Default     0x0                  12860  14   donotdisturbd: (MobileInstallation) [com.apple.appinstallation:TransactionLog] org.rayforge.pytest/Unknown Persona:5:8:3:1:applicationsDidInstall <LSApplicationProxy: 0x600003705680> org.rayforge.pytest file:///Users/runner/Library/Developer/CoreSimulator/Devices/982651E4-76E1-4C60-AE3A-6468E64BCB77/data/Containers/Bundle/Application/DDA1C5BE-89BF-42C2-A1B2-D018BDA7A50E/RayforgePy.app/ <org.rayforge.pytest <installed >:0>
2026-07-03 11:48:49.616940+0000 0x8d57     Default     0x0                  12213  14   routined: (MobileInstallation) [com.apple.appinstallation:TransactionLog] org.rayforge.pytest/Unknown Persona:5:8:3:1:applicationsDidInstall <LSApplicationProxy: 0x600003718840> org.rayforge.pytest file:///Users/runner/Library/Developer/CoreSimulator/Devices/982651E4-76E1-4C60-AE3A-6468E64BCB77/data/Containers/Bundle/Application/DDA1C5BE-89BF-42C2-A1B2-D018BDA7A50E/RayforgePy.app/ <org.rayforge.pytest <installed >:0>
2026-07-03 11:48:49.618357+0000 0x9588     Default     0x0                  12208  14   runningboardd: (MobileInstallation) [com.apple.appinstallation:TransactionLog] org.rayforge.pytest/Unknown Persona:5:8:3:1:applicationsDidInstall <LSApplicationProxy: 0x600003704f00> org.rayforge.pytest file:///Users/runner/Library/Developer/CoreSimulator/Devices/982651E4-76E1-4C60-AE3A-6468E64BCB77/data/Containers/Bundle/Application/DDA1C5BE-89BF-42C2-A1B2-D018BDA7A50E/RayforgePy.app/ <org.rayforge.pytest <installed >:0>
2026-07-03 11:48:49.619086+0000 0x8bbb     Default     0x0                  12280  2    lsd: (CoreServices) [com.apple.launchservices:progress] #LSInstallProgressList remove subscriber: <_NSProgressSubscriber: 0x600000c066a0> publishingString: org.rayforge.pytest.Installing
2026-07-03 11:48:49.620398+0000 0x9665     Default     0x0                  12847  14   deviceaccessd: (MobileInstallation) [com.apple.appinstallation:TransactionLog] org.rayforge.pytest/Unknown Persona:5:8:3:1:applicationsDidInstall <LSApplicationProxy: 0x600003700540> org.rayforge.pytest file:///Users/runner/Library/Developer/CoreSimulator/Devices/982651E4-76E1-4C60-AE3A-6468E64BCB77/data/Containers/Bundle/Application/DDA1C5BE-89BF-42C2-A1B2-D018BDA7A50E/RayforgePy.app/ <org.rayforge.pytest <installed >:0>
2026-07-03 11:48:49.620560+0000 0xa15e     Default     0x0                  12921  7    installcoordinationd: [com.apple.installcoordination:daemon] -[IXSPowerAssertion invalidate]: Released power assertion IXPowerAssertion-12-[org.rayforge.pytest/Invalid/[system-defined]]
2026-07-03 11:48:49.620644+0000 0x8d87     Default     0x0                  12332  14   callservicesd: (MobileInstallation) [com.apple.appinstallation:TransactionLog] org.rayforge.pytest/Unknown Persona:5:8:3:1:applicationsDidInstall <LSApplicationProxy: 0x1039c4c00> org.rayforge.pytest file:///Users/runner/Library/Developer/CoreSimulator/Devices/982651E4-76E1-4C60-AE3A-6468E64BCB77/data/Containers/Bundle/Application/DDA1C5BE-89BF-42C2-A1B2-D018BDA7A50E/RayforgePy.app/ <org.rayforge.pytest <installed >:0>
2026-07-03 11:48:49.621016+0000 0xa15e     Default     0x0                  12921  7    installcoordinationd: [com.apple.installcoordination:daemon] -[IXSDataPromise decommission]: Decommissioning <IXSPromisedInMemoryDictionary(0x600002c02700) Name:Localizations for org.rayforge.pytest Creator:InstallCoordination Simple SPI UUID:A3812447-8B1C-439C-83FA-EF6C981399CF Location:[system-defined]>
2026-07-03 11:48:49.621474+0000 0xa15e     Default     0x0                  12921  7    installcoordinationd: [com.apple.installcoordination:daemon] -[IXSDataPromise decommission]: Decommissioning <IXSPlaceholder(0x102a06130) Name:App Placeholder: RayforgePy (org.rayforge.pytest) Creator:InstallCoordination Simple SPI UUID:84ACE854-B131-41B3-8C8A-02F5DE795953 Location:[system-defined]>
2026-07-03 11:48:49.622887+0000 0x8f60     Default     0x0                  12339  5    homed: (CoreServices) [com.apple.launchservices:appinstallation] Received applicationsDidInstall:(
    "<LSApplicationProxy: 0x600003709500> org.rayforge.pytest file:///Users/runner/Library/Developer/CoreSimulator/Devices/982651E4-76E1-4C60-AE3A-6468E64BCB77/data/Containers/Bundle/Application/DDA1C5BE-89BF-42C2-A1B2-D018BDA7A50E/RayforgePy.app/ <org.rayforge.pytest <installed >:0>"
)
2026-07-03 11:48:49.624120+0000 0x8f60     Default     0x0                  12339  14   homed: (MobileInstallation) [com.apple.appinstallation:TransactionLog] org.rayforge.pytest/Unknown Persona:5:8:3:1:applicationsDidInstall <LSApplicationProxy: 0x600003705200> org.rayforge.pytest file:///Users/runner/Library/Developer/CoreSimulator/Devices/982651E4-76E1-4C60-AE3A-6468E64BCB77/data/Containers/Bundle/Application/DDA1C5BE-89BF-42C2-A1B2-D018BDA7A50E/RayforgePy.app/ <org.rayforge.pytest <installed >:0>
2026-07-03 11:48:49.625626+0000 0xa15e     Default     0x0                  12921  7    installcoordinationd: [com.apple.installcoordination:daemon] -[IXSDataPromise decommission]: Decommissioning <IXSPromisedTransferToPath(0x600002c00b00) Name:App Asset: org.rayforge.pytest Creator:InstallCoordination Simple SPI UUID:05716F2B-D352-49ED-ACAF-7456EA8E985A Location:[system-defined]>
2026-07-03 11:48:49.626606+0000 0xa15e     Default     0x0                  12921  14   installcoordinationd: (MobileInstallation) [com.apple.appinstallation:TransactionLog] org.rayforge.pytest/Unknown Persona:4:1:2:1:Coordinator completed successfully.
2026-07-03 11:48:49.627702+0000 0xa15e     Default     0x0                  12921  7    installcoordinationd: [com.apple.installcoordination:daemon] -[IXSCoordinatorManager unregisterCoordinator:]: Unregistered coordinator: <IXSCoordinatedAppInstall<0x1029097d0> [P=CoreSimulatorBridge (pid 12237)] identifier:[org.rayforge.pytest/Invalid/[system-defined]] uuid:66605565-F003-46DC-BFFA-7215DE4D2FDE intent:IXCoordinatorIntentInitiating creator/appDRI:InstallCoordination Simple SPI importance:UserWaiting state:IXAppCoordinationStateComplete promise-state:PA2I4>
2026-07-03 11:48:49.627736+0000 0xa15e     Default     0x0                  12921  7    installcoordinationd: [com.apple.installcoordination:daemon] -[IXSCoordinatedAppInstall setPriorityBoostCompletion:withSourceInfo:]: <IXSCoordinatedAppInstall<0x1029097d0> [P=CoreSimulatorBridge (pid 12237)] identifier:[org.rayforge.pytest/Invalid/[system-defined]] uuid:66605565-F003-46DC-BFFA-7215DE4D2FDE intent:IXCoordinatorIntentInitiating creator/appDRI:InstallCoordination Simple SPI importance:UserWaiting state:IXAppCoordinationStateComplete promise-state:PA2I4>: Disposing of completion from CoreSimulatorBridge (12237), QOS_CLASS_DEFAULT (0x15)
2026-07-03 11:48:49.628132+0000 0xa13e     Default     0x0                  12312  0    siriactionsd: (VoiceShortcuts) [com.apple.shortcuts:Daemon] Dispatching XPC event: <distributed notification: com.apple.LaunchServices.applicationRegistered, userInfo: [AnyHashable("isPlaceholder"): 0, AnyHashable("bundleIDs"): <__NSSingleObjectArrayI 0x60000000c470>(
org.rayforge.pytest
)
]>
2026-07-03 11:48:49.629300+0000 0xa13e     Default     0x0                  12312  0    siriactionsd: (VoiceShortcutClient) [com.apple.shortcuts:XPCEvent] Dispatching XPC event: <distributed notification: com.apple.LaunchServices.applicationRegistered, userInfo: [AnyHashable("isPlaceholder"): 0, AnyHashable("bundleIDs"): <__NSSingleObjectArrayI 0x60000000c470>(
org.rayforge.pytest
)
]>
2026-07-03 11:48:49.635644+0000 0x9958     Default     0x0                  12205  5    SpringBoard: (CoreServices) [com.apple.launchservices:appinstallation] Received applicationsDidInstall:(
    "<LSApplicationProxy: 0x6000037b8cc0> org.rayforge.pytest file:///Users/runner/Library/Developer/CoreSimulator/Devices/982651E4-76E1-4C60-AE3A-6468E64BCB77/data/Containers/Bundle/Application/DDA1C5BE-89BF-42C2-A1B2-D018BDA7A50E/RayforgePy.app/ <org.rayforge.pytest <installed >:0>"
)
2026-07-03 11:48:49.641087+0000 0x95cc     Default     0x0                  12237  7    CoreSimulatorBridge: (InstallCoordination) [com.apple.installcoordination:framework] -[IXAppInstallCoordinator _clientDelegate_didCompleteForApplicationRecord:]: <IXInitiatingAppInstallCoordinator<0x600001702fc0> identity:[org.rayforge.pytest/Invalid/[system-defined]] uuid:66605565-F003-46DC-BFFA-7215DE4D2FDE creator:InstallCoordination Simple SPI>: Got completion delegate for app record { bundleID: org.rayforge.pytest, URL: file:///Users/runner/Library/Developer/CoreSimulator/Devices/982651E4-76E1-4C60-AE3A-6468E64BCB77/data/Containers/Bundle/Application/DDA1C5BE-89BF-42C2-A1B2-D018BDA7A50E/RayforgePy.app/ }
2026-07-03 11:48:49.641150+0000 0x95cc     Default     0x0                  12237  7    CoreSimulatorBridge: (InstallCoordination) [com.apple.installcoordination:framework] -[IXAppInstallCoordinator _clientDelegate_didCompleteForApplicationRecord:]_block_invoke: <IXInitiatingAppInstallCoordinator<0x600001702fc0> identity:[org.rayforge.pytest/Invalid/[system-defined]] uuid:66605565-F003-46DC-BFFA-7215DE4D2FDE creator:InstallCoordination Simple SPI>: Calling selector coordinatorDidCompleteSuccessfully:forApplicationRecord: on observer <_IXSimpleInstallerDelegate 0x0x600000c061f0>
2026-07-03 11:48:49.641294+0000 0x975e     Default     0x0                  12854  14   appstored: [com.apple.appstored:ODR] Handling application installation: {bundleID = org.rayforge.pytest; version = 1; shortVersion = 0.1; variantID = (null)}
2026-07-03 11:48:49.642510+0000 0x95f2     Default     0x0                  12848  0    dmd: Received xpc stream event (distributed notification matching) with name: com.apple.LaunchServices.applicationRegistered user info: {
    bundleIDs =     (
        "org.rayforge.pytest"
    );
    isPlaceholder = 0;
}
2026-07-03 11:48:49.643378+0000 0x975e     Default     0x0                  12854  14   appstored: [com.apple.appstored:ODR] Ignoring installation for {bundleID = org.rayforge.pytest; version = 1; shortVersion = 0.1; variantID = (null)} as it does not appear to support ODR
2026-07-03 11:48:49.643649+0000 0x975e     Default     0x0                  12854  14   appstored: [com.apple.appstored:General] Checking to see if apps need to be migrated to managed: [org.rayforge.pytest]
2026-07-03 11:48:49.646352+0000 0x9958     Default     0x0                  12205  14   SpringBoard: (MobileInstallation) [com.apple.appinstallation:TransactionLog] org.rayforge.pytest/Unknown Persona:5:8:3:1:applicationsDidInstall <LSApplicationProxy: 0x6000037c2700> org.rayforge.pytest file:///Users/runner/Library/Developer/CoreSimulator/Devices/982651E4-76E1-4C60-AE3A-6468E64BCB77/data/Containers/Bundle/Application/DDA1C5BE-89BF-42C2-A1B2-D018BDA7A50E/RayforgePy.app/ <org.rayforge.pytest <installed >:0>
