getpwuid_r did not find a match for uid 501
Timestamp                       Thread     Type        Activity             PID    TTL  
2026-07-03 07:12:01.034535+0000 0xa569     Default     0x0                  14037  7    installcoordinationd: [com.apple.installcoordination:daemon] -[IXSDataPromiseManager registerPromise:]: Registered promise <IXSPlaceholder(0x103507190) Name:App Placeholder: RayforgePy (org.rayforge.pytest) Creator:InstallCoordination Simple SPI UUID:FECBD060-7897-4BC8-89DA-7AD75D5F85C4 Location:[system-defined]> for UUID FECBD060-7897-4BC8-89DA-7AD75D5F85C4
2026-07-03 07:12:01.038860+0000 0x9d36     Default     0x0                  14037  7    installcoordinationd: [com.apple.installcoordination:daemon] -[IXSPlaceholder setAttributes:]: <IXSPlaceholder(0x103507190) Name:App Placeholder: RayforgePy (org.rayforge.pytest) Creator:InstallCoordination Simple SPI UUID:FECBD060-7897-4BC8-89DA-7AD75D5F85C4 Location:[system-defined]>: setting placeholder attributes to <IXPlaceholderAttributes<0x600003004360> : {
    CFBundleShortVersionString = "0.1";
    CFBundleVersion = 1;
    MinimumOSVersion = "17.0";
    UIDeviceFamily =     (
        1,
        2
    );
    UILaunchScreen =     {
    };
}>
2026-07-03 07:12:01.040816+0000 0x8d79     Default     0x0                  12808  7    CoreSimulatorBridge: (InstallCoordination) [com.apple.installcoordination:framework] +[IXPlaceholder _setEntitlementsFromBundleExecutableURL:withBundleID:client:onPlaceholder:location:error:]: Executable for org.rayforge.pytest at rayforge-pytest -- file:///Users/runner/work/Rayforge-iOS-ipa/Rayforge-iOS-ipa/RayforgePy.app/ had no entitlements
2026-07-03 07:12:01.042206+0000 0x8d79     Default     0x0                  12808  7    CoreSimulatorBridge: (InstallCoordination) [com.apple.installcoordination:framework] +[IXPlaceholder _placeholderForBundle:client:withParent:installType:metadata:placeholderType:mayBeDeltaPackage:isFromSerializedPlaceholder:location:error:]: Using full fidelity icons for org.rayforge.pytest at /Users/runner/work/Rayforge-iOS-ipa/Rayforge-iOS-ipa/RayforgePy.app
2026-07-03 07:12:01.043319+0000 0x9d36     Default     0x0                  14037  7    installcoordinationd: [com.apple.installcoordination:daemon] -[IXSDataPromiseManager registerPromise:]: Registered promise <IXSPromisedTransferToPath(0x600002c09900) Name:Icon resources for org.rayforge.pytest Creator:InstallCoordination Simple SPI UUID:3916755A-DE54-41E7-9091-9CC2339AAF98 Location:[system-defined]> for UUID 3916755A-DE54-41E7-9091-9CC2339AAF98
2026-07-03 07:12:01.047177+0000 0x9d36     Default     0x0                  14037  7    installcoordinationd: [com.apple.installcoordination:daemon] -[IXSDataPromise cancelForReason:client:error:]: <IXSPromisedTransferToPath(0x600002c09900) Name:Icon resources for org.rayforge.pytest Creator:InstallCoordination Simple SPI UUID:3916755A-DE54-41E7-9091-9CC2339AAF98 Location:[system-defined]> : canceled by client 15 for reason Error Domain=IXErrorDomain Code=1 "No icon found for bundle org.rayforge.pytest at /Users/runner/work/Rayforge-iOS-ipa/Rayforge-iOS-ipa/RayforgePy.app; skipping icon resources promise" UserInfo={NSLocalizedFailureReason=Internal error., FunctionName=+[IXPlaceholder _placeholderForBundle:client:withParent:installType:metadata:placeholderType:mayBeDeltaPackage:isFromSerializedPlaceholder:location:error:], SourceFileLine=926, NSLocalizedDescription=No icon found for bundle org.rayforge.pytest at /Users/runner/work/Rayforge-iOS-ipa/Rayforge-iOS-ipa/RayforgePy.app; skipping icon resources promise}
2026-07-03 07:12:01.047233+0000 0xa56b     Default     0x0                  14037  7    installcoordinationd: [com.apple.installcoordination:daemon] -[IXSDataPromiseManager promise:didCancelForReason:client:]: Unowned promise <IXSPromisedTransferToPath(0x600002c09900) Name:Icon resources for org.rayforge.pytest Creator:InstallCoordination Simple SPI UUID:3916755A-DE54-41E7-9091-9CC2339AAF98 Location:[system-defined]> canceled for reason: Error Domain=IXErrorDomain Code=1 "No icon found for bundle org.rayforge.pytest at /Users/runner/work/Rayforge-iOS-ipa/Rayforge-iOS-ipa/RayforgePy.app; skipping icon resources promise" UserInfo={NSLocalizedFailureReason=Internal error., FunctionName=+[IXPlaceholder _placeholderForBundle:client:withParent:installType:metadata:placeholderType:mayBeDeltaPackage:isFromSerializedPlaceholder:location:error:], SourceFileLine=926, NSLocalizedDescription=No icon found for bundle org.rayforge.pytest at /Users/runner/work/Rayforge-iOS-ipa/Rayforge-iOS-ipa/RayforgePy.app; skipping icon resources promise} client: 15
2026-07-03 07:12:01.047251+0000 0x9d36     Default     0x0                  14037  7    installcoordinationd: [com.apple.installcoordination:daemon] -[IXSDataPromise decommission]: Decommissioning <IXSPromisedTransferToPath(0x600002c09900) Name:Icon resources for org.rayforge.pytest Creator:InstallCoordination Simple SPI UUID:3916755A-DE54-41E7-9091-9CC2339AAF98 Location:[system-defined]>
2026-07-03 07:12:01.049510+0000 0x9d36     Default     0x0                  14037  7    installcoordinationd: [com.apple.installcoordination:daemon] -[IXSDataPromise _setPercentComplete:saveStateIfNeeded:]: Progress: <IXSPromisedInMemoryDictionary(0x600002c05880) Name:Localizations for org.rayforge.pytest Creator:InstallCoordination Simple SPI UUID:9C262B35-5D51-40FD-921B-15CF6EAD4E89 Location:[system-defined]>
2026-07-03 07:12:01.050204+0000 0x9d36     Default     0x0                  14037  7    installcoordinationd: [com.apple.installcoordination:daemon] -[IXSDataPromiseManager registerPromise:]: Registered promise <IXSPromisedInMemoryDictionary(0x600002c05880) Name:Localizations for org.rayforge.pytest Creator:InstallCoordination Simple SPI UUID:9C262B35-5D51-40FD-921B-15CF6EAD4E89 Location:[system-defined]> for UUID 9C262B35-5D51-40FD-921B-15CF6EAD4E89
2026-07-03 07:12:01.060334+0000 0xa569     Default     0x0                  14037  7    installcoordinationd: [com.apple.installcoordination:daemon] -[IXSDataPromiseManager promiseDidBegin:]: Unowned promise began: <IXSPromisedInMemoryDictionary(0x600002c05880) Name:Localizations for org.rayforge.pytest Creator:InstallCoordination Simple SPI UUID:9C262B35-5D51-40FD-921B-15CF6EAD4E89 Location:[system-defined]>
2026-07-03 07:12:01.060346+0000 0xa569     Default     0x0                  14037  7    installcoordinationd: [com.apple.installcoordination:daemon] -[IXSDataPromiseManager promise:didUpdateProgress:]: Unowned promise update progress to 1.000000 : <IXSPromisedInMemoryDictionary(0x600002c05880) Name:Localizations for org.rayforge.pytest Creator:InstallCoordination Simple SPI UUID:9C262B35-5D51-40FD-921B-15CF6EAD4E89 Location:[system-defined]>
2026-07-03 07:12:01.060369+0000 0xa569     Default     0x0                  14037  7    installcoordinationd: [com.apple.installcoordination:daemon] -[IXSDataPromiseManager promiseDidComplete:]: Unowned promise completed: <IXSPromisedInMemoryDictionary(0x600002c05880) Name:Localizations for org.rayforge.pytest Creator:InstallCoordination Simple SPI UUID:9C262B35-5D51-40FD-921B-15CF6EAD4E89 Location:[system-defined]>
2026-07-03 07:12:01.060836+0000 0x9d36     Default     0x0                  14037  7    installcoordinationd: [com.apple.installcoordination:daemon] -[IXSPlaceholder setLocalizationDictionaryPromise:]: <IXSPlaceholder(0x103507190) Name:App Placeholder: RayforgePy (org.rayforge.pytest) Creator:InstallCoordination Simple SPI UUID:FECBD060-7897-4BC8-89DA-7AD75D5F85C4 Location:[system-defined]>: setting localization dict promise to <IXSPromisedInMemoryDictionary(0x600002c05880) Name:Localizations for org.rayforge.pytest Creator:InstallCoordination Simple SPI UUID:9C262B35-5D51-40FD-921B-15CF6EAD4E89 Location:[system-defined]>
2026-07-03 07:12:01.070009+0000 0xa569     Default     0x0                  14037  7    installcoordinationd: [com.apple.installcoordination:daemon] -[IXSDataPromiseManager promiseDidBegin:]: Unowned promise began: <IXSPlaceholder(0x103507190) Name:App Placeholder: RayforgePy (org.rayforge.pytest) Creator:InstallCoordination Simple SPI UUID:FECBD060-7897-4BC8-89DA-7AD75D5F85C4 Location:[system-defined]>
2026-07-03 07:12:01.070029+0000 0xa569     Default     0x0                  14037  7    installcoordinationd: [com.apple.installcoordination:daemon] -[IXSDataPromiseManager promise:didUpdateProgress:]: Unowned promise update progress to 0.000000 : <IXSPlaceholder(0x103507190) Name:App Placeholder: RayforgePy (org.rayforge.pytest) Creator:InstallCoordination Simple SPI UUID:FECBD060-7897-4BC8-89DA-7AD75D5F85C4 Location:[system-defined]>
2026-07-03 07:12:01.070483+0000 0xa56b     Default     0x0                  14037  7    installcoordinationd: [com.apple.installcoordination:daemon] -[IXSPlaceholder setConfigurationComplete:]: <IXSPlaceholder(0x103507190) Name:App Placeholder: RayforgePy (org.rayforge.pytest) Creator:InstallCoordination Simple SPI UUID:FECBD060-7897-4BC8-89DA-7AD75D5F85C4 Location:[system-defined]>: setting configuration complete to Y
2026-07-03 07:12:01.071454+0000 0xa56b     Default     0x0                  14037  7    installcoordinationd: [com.apple.installcoordination:daemon] -[IXSPlaceholder _materialize]: <IXSPlaceholder(0x103507190) Name:App Placeholder: RayforgePy (org.rayforge.pytest) Creator:InstallCoordination Simple SPI UUID:FECBD060-7897-4BC8-89DA-7AD75D5F85C4 Location:[system-defined]>: Materializing placeholder at /Users/runner/Library/Developer/CoreSimulator/Devices/A86FFCEE-BD4D-4FF2-AC46-67C0DE5EDC36/data/Containers/Shared/SystemGroup/systemgroup.com.apple.installcoordinationd/Library/InstallCoordination/PromiseStaging/FECBD060-7897-4BC8-89DA-7AD75D5F85C4/RayforgePy.app
2026-07-03 07:12:01.072849+0000 0xa56b     Default     0x0                  14037  7    installcoordinationd: [com.apple.installcoordination:daemon] -[IXSPlaceholder _materialize]: <IXSPlaceholder(0x103507190) Name:App Placeholder: RayforgePy (org.rayforge.pytest) Creator:InstallCoordination Simple SPI UUID:FECBD060-7897-4BC8-89DA-7AD75D5F85C4 Location:[system-defined]>: Including lproj localizations for (
)
2026-07-03 07:12:01.073771+0000 0x9d36     Default     0x0                  14037  7    installcoordinationd: [com.apple.installcoordination:daemon] -[IXSDataPromiseManager promiseDidComplete:]: Unowned promise completed: <IXSPlaceholder(0x103507190) Name:App Placeholder: RayforgePy (org.rayforge.pytest) Creator:InstallCoordination Simple SPI UUID:FECBD060-7897-4BC8-89DA-7AD75D5F85C4 Location:[system-defined]>
2026-07-03 07:12:01.076711+0000 0x9d36     Default     0x0                  14037  7    installcoordinationd: [com.apple.installcoordination:daemon] -[IXSDataPromiseManager registerPromise:]: Registered promise <IXSPromisedTransferToPath(0x600002c00480) Name:App Asset: org.rayforge.pytest Creator:InstallCoordination Simple SPI UUID:5C85AB77-B42B-496A-9FA3-F728DFA52887 Location:[system-defined]> for UUID 5C85AB77-B42B-496A-9FA3-F728DFA52887
2026-07-03 07:12:01.088286+0000 0xa56b     Default     0x0                  14037  7    installcoordinationd: [com.apple.installcoordination:daemon] -[IXSCoordinatorManager coordinatorForIdentity:connection:error:creatingIfNotExisting:]_block_invoke: Registered coordinator: <IXSCoordinatedAppInstall<0x103404c00> [P=CoreSimulatorBridge (pid 12808)] identifier:[org.rayforge.pytest/Invalid/[system-defined]] uuid:6BB969CD-C115-4740-A441-3C4BBC94DB86 intent:IXCoordinatorIntentInitiating creator/appDRI:InstallCoordination Simple SPI importance:Background state:IXAppCoordinationStatePlaceholderPromiseNotSet promise-state:01234>
2026-07-03 07:12:01.088780+0000 0xa56b     Default     0x0                  14037  14   installcoordinationd: (MobileInstallation) [com.apple.appinstallation:TransactionLog] org.rayforge.pytest/Unknown Persona:4:1:1:1:Created coordinator with intent IXCoordinatorIntentInitiating for client InstallCoordination Simple SPI
2026-07-03 07:12:01.090924+0000 0xa56b     Default     0x0                  14037  7    installcoordinationd: [com.apple.installcoordination:daemon] -[IXSCoordinatedAppInstall setPriorityBoostCompletion:withSourceInfo:]: <IXSCoordinatedAppInstall<0x103404c00> [P=CoreSimulatorBridge (pid 12808)] identifier:[org.rayforge.pytest/Invalid/[system-defined]] uuid:6BB969CD-C115-4740-A441-3C4BBC94DB86 intent:IXCoordinatorIntentInitiating creator/appDRI:InstallCoordination Simple SPI importance:Background state:IXAppCoordinationStatePlaceholderPromiseNotSet promise-state:01234>: Retaining completion from CoreSimulatorBridge (12808), QOS_CLASS_DEFAULT (0x15)
2026-07-03 07:12:01.091091+0000 0xa56b     Default     0x0                  14037  7    installcoordinationd: [com.apple.installcoordination:daemon] -[IXSCoordinatedAppInstall _onQueue_fireObserversForClient:]: <IXSCoordinatedAppInstall<0x103404c00> [P=CoreSimulatorBridge (pid 12808)] identifier:[org.rayforge.pytest/Invalid/[system-defined]] uuid:6BB969CD-C115-4740-A441-3C4BBC94DB86 intent:IXCoordinatorIntentInitiating creator/appDRI:InstallCoordination Simple SPI importance:Background state:IXAppCoordinationStatePlaceholderPromiseNotSet promise-state:01234>: Firing applicable observers for client <IXSClientConnection<0x600002609440> client:CoreSimulatorBridge (pid 12808) uuid:2164B24F-8A14-4A8D-8956-67AD726CECFC>
2026-07-03 07:12:01.091452+0000 0xa56a     Default     0x0                  12808  7    CoreSimulatorBridge: (InstallCoordination) [com.apple.installcoordination:framework] -[IXAppInstallCoordinator _clientDelegate_didRegisterForObservation]: <IXInitiatingAppInstallCoordinator<0x6000017011c0> identity:[org.rayforge.pytest/Invalid/[system-defined]] uuid:6BB969CD-C115-4740-A441-3C4BBC94DB86 creator:InstallCoordination Simple SPI>: Got observer registration delegate
2026-07-03 07:12:01.091461+0000 0xa56b     Default     0x0                  14037  7    installcoordinationd: [com.apple.installcoordination:daemon] -[IXSCoordinatedAppInstall setImportance:]: <IXSCoordinatedAppInstall<0x103404c00> [P=CoreSimulatorBridge (pid 12808)] identifier:[org.rayforge.pytest/Invalid/[system-defined]] uuid:6BB969CD-C115-4740-A441-3C4BBC94DB86 intent:IXCoordinatorIntentInitiating creator/appDRI:InstallCoordination Simple SPI importance:UserWaiting state:IXAppCoordinationStatePlaceholderPromiseNotSet promise-state:01234>: set importance to UserWaiting
2026-07-03 07:12:01.091591+0000 0xa56a     Default     0x0                  12808  7    CoreSimulatorBridge: (InstallCoordination) [com.apple.installcoordination:framework] -[IXAppInstallCoordinator _clientDelegate_shouldResume]: <IXInitiatingAppInstallCoordinator<0x6000017011c0> identity:[org.rayforge.pytest/Invalid/[system-defined]] uuid:6BB969CD-C115-4740-A441-3C4BBC94DB86 creator:InstallCoordination Simple SPI>: Got should resume delegate
2026-07-03 07:12:01.091625+0000 0xa56a     Default     0x0                  12808  7    CoreSimulatorBridge: (InstallCoordination) [com.apple.installcoordination:framework] -[IXAppInstallCoordinator _clientDelegate_didRegisterForObservation]_block_invoke: <IXInitiatingAppInstallCoordinator<0x6000017011c0> identity:[org.rayforge.pytest/Invalid/[system-defined]] uuid:6BB969CD-C115-4740-A441-3C4BBC94DB86 creator:InstallCoordination Simple SPI>: Observer <_IXSimpleInstallerDelegate 0x0x600000c0a0a0> does not respond to coordinatorDidRegisterForObservation:
2026-07-03 07:12:01.091642+0000 0xa56a     Default     0x0                  12808  7    CoreSimulatorBridge: (InstallCoordination) [com.apple.installcoordination:framework] -[IXAppInstallCoordinator _clientDelegate_shouldResume]_block_invoke: <IXInitiatingAppInstallCoordinator<0x6000017011c0> identity:[org.rayforge.pytest/Invalid/[system-defined]] uuid:6BB969CD-C115-4740-A441-3C4BBC94DB86 creator:InstallCoordination Simple SPI>: Observer <_IXSimpleInstallerDelegate 0x0x600000c0a0a0> does not respond to coordinatorShouldResume:
2026-07-03 07:12:01.093543+0000 0xa56b     Default     0x0                  14037  7    installcoordinationd: [com.apple.installcoordination:daemon] -[IXSCoordinatedAppInstall setPriorityBoostCompletion:withSourceInfo:]: <IXSCoordinatedAppInstall<0x103404c00> [P=CoreSimulatorBridge (pid 12808)] identifier:[org.rayforge.pytest/Invalid/[system-defined]] uuid:6BB969CD-C115-4740-A441-3C4BBC94DB86 intent:IXCoordinatorIntentInitiating creator/appDRI:InstallCoordination Simple SPI importance:UserWaiting state:IXAppCoordinationStatePlaceholderPromiseNotSet promise-state:01234>: Disposing of completion from CoreSimulatorBridge (12808), QOS_CLASS_DEFAULT (0x15)
2026-07-03 07:12:01.093577+0000 0xa56b     Default     0x0                  14037  7    installcoordinationd: [com.apple.installcoordination:daemon] -[IXSCoordinatedAppInstall setPriorityBoostCompletion:withSourceInfo:]: <IXSCoordinatedAppInstall<0x103404c00> [P=CoreSimulatorBridge (pid 12808)] identifier:[org.rayforge.pytest/Invalid/[system-defined]] uuid:6BB969CD-C115-4740-A441-3C4BBC94DB86 intent:IXCoordinatorIntentInitiating creator/appDRI:InstallCoordination Simple SPI importance:UserWaiting state:IXAppCoordinationStatePlaceholderPromiseNotSet promise-state:01234>: Retaining completion from CoreSimulatorBridge (12808), QOS_CLASS_DEFAULT (0x15)
2026-07-03 07:12:01.097702+0000 0xa569     Default     0x0                  14037  7    installcoordinationd: [com.apple.installcoordination:daemon] -[IXSCoordinatedAppInstall _internal_setInstallOptionsPromise:performExternalActions:]: <IXSCoordinatedAppInstall<0x103404c00> [P=CoreSimulatorBridge (pid 12808)] identifier:[org.rayforge.pytest/Invalid/[system-defined]] uuid:6BB969CD-C115-4740-A441-3C4BBC94DB86 intent:IXCoordinatorIntentInitiating creator/appDRI:InstallCoordination Simple SPI importance:UserWaiting state:IXAppCoordinationStatePlaceholderPromiseNotSet promise-state:012I4> : install options set: <IXSPromisedInMemoryData(0x600002c04c00) Name:MIInstallOptions data Creator:Install Coordination Internal UUID:B77902DA-3493-4C09-B40D-BC6A2FB15D1B Location:[system-defined]>
2026-07-03 07:12:01.097704+0000 0xa56b     Default     0x0                  14037  7    installcoordinationd: [com.apple.installcoordination:daemon] -[IXSCoordinatedAppInstall promiseDidComplete:]: <IXSCoordinatedAppInstall<0x103404c00> [P=CoreSimulatorBridge (pid 12808)] identifier:[org.rayforge.pytest/Invalid/[system-defined]] uuid:6BB969CD-C115-4740-A441-3C4BBC94DB86 intent:IXCoordinatorIntentInitiating creator/appDRI:InstallCoordination Simple SPI importance:UserWaiting state:IXAppCoordinationStatePlaceholderPromiseNotSet promise-state:012I4> : Promise completed: <IXSPromisedInMemoryData(0x600002c04c00) Name:MIInstallOptions data Creator:Install Coordination Internal UUID:B77902DA-3493-4C09-B40D-BC6A2FB15D1B Location:[system-defined]>
2026-07-03 07:12:01.098640+0000 0xa56b     Default     0x0                  14037  14   installcoordinationd: (MobileInstallation) [com.apple.appinstallation:TransactionLog] org.rayforge.pytest/Unknown Persona:4:12:1:1:Install Options Promise began. Coordinator State: IXAppCoordinationStatePlaceholderPromiseNotSet
2026-07-03 07:12:01.098722+0000 0xa56b     Default     0x0                  14037  14   installcoordinationd: (MobileInstallation) [com.apple.appinstallation:TransactionLog] org.rayforge.pytest/Unknown Persona:4:12:2:1:Install Options Promise completed. Coordinator State: IXAppCoordinationStatePlaceholderPromiseNotSet
2026-07-03 07:12:01.099001+0000 0xa569     Default     0x0                  14037  7    installcoordinationd: [com.apple.installcoordination:daemon] -[IXSCoordinatedAppInstall _internal_setAppAssetPromise:performExternalActions:]: <IXSCoordinatedAppInstall<0x103404c00> [P=CoreSimulatorBridge (pid 12808)] identifier:[org.rayforge.pytest/Invalid/[system-defined]] uuid:6BB969CD-C115-4740-A441-3C4BBC94DB86 intent:IXCoordinatorIntentInitiating creator/appDRI:InstallCoordination Simple SPI importance:UserWaiting state:IXAppCoordinationStatePlaceholderPromiseNotSet promise-state:0a2I4> : App Asset Promise set: <IXSPromisedTransferToPath(0x600002c00480) Name:App Asset: org.rayforge.pytest Creator:InstallCoordination Simple SPI UUID:5C85AB77-B42B-496A-9FA3-F728DFA52887 Location:[system-defined]>
2026-07-03 07:12:01.100595+0000 0x9d36     Default     0x0                  14037  7    installcoordinationd: [com.apple.installcoordination:daemon] -[IXSCoordinatedAppInstall setInitialODRAssetPromises:]: <IXSCoordinatedAppInstall<0x103404c00> [P=CoreSimulatorBridge (pid 12808)] identifier:[org.rayforge.pytest/Invalid/[system-defined]] uuid:6BB969CD-C115-4740-A441-3C4BBC94DB86 intent:IXCoordinatorIntentInitiating creator/appDRI:InstallCoordination Simple SPI importance:UserWaiting state:IXAppCoordinationStatePlaceholderPromiseNotSet promise-state:0a2I4> : Initial ODR Asset Promises set: (
)
2026-07-03 07:12:01.206511+0000 0x8d79     Default     0x0                  12808  7    CoreSimulatorBridge: (InstallCoordination) [com.apple.installcoordination:framework] -[IXPromisedTransferToPath setComplete:]: <IXPromisedTransferToPath<0x600001708a00> name:"App Asset: org.rayforge.pytest" uuid:5C85AB77-B42B-496A-9FA3-F728DFA52887 creator:"InstallCoordination Simple SPI" location:[system-defined]> Copy operation from /Users/runner/work/Rayforge-iOS-ipa/Rayforge-iOS-ipa/RayforgePy.app to /Users/runner/Library/Developer/CoreSimulator/Devices/A86FFCEE-BD4D-4FF2-AC46-67C0DE5EDC36/data/Containers/Shared/SystemGroup/systemgroup.com.apple.installcoordinationd/Library/InstallCoordination/PromiseStaging/5C85AB77-B42B-496A-9FA3-F728DFA52887/RayforgePy.app took 0.104857 seconds
2026-07-03 07:12:01.207718+0000 0x9d36     Default     0x0                  14037  7    installcoordinationd: [com.apple.installcoordination:daemon] -[IXSDataPromise _setPercentComplete:saveStateIfNeeded:]: Progress: <IXSPromisedTransferToPath(0x600002c00480) Name:App Asset: org.rayforge.pytest Creator:InstallCoordination Simple SPI UUID:5C85AB77-B42B-496A-9FA3-F728DFA52887 Location:[system-defined]>
2026-07-03 07:12:01.207779+0000 0xa56b     Default     0x0                  14037  14   installcoordinationd: (MobileInstallation) [com.apple.appinstallation:TransactionLog] org.rayforge.pytest/Unknown Persona:4:9:1:1:App Asset Promise began. Coordinator State: IXAppCoordinationStatePlaceholderPromiseNotSet
2026-07-03 07:12:01.208013+0000 0xa56a     Default     0x0                  12808  7    CoreSimulatorBridge: (InstallCoordination) [com.apple.installcoordination:framework] -[IXAppInstallCoordinator _clientDelegate_promiseDidBeginFulfillmentWithIdentifier:]: <IXInitiatingAppInstallCoordinator<0x6000017011c0> identity:[org.rayforge.pytest/Invalid/[system-defined]] uuid:6BB969CD-C115-4740-A441-3C4BBC94DB86 creator:InstallCoordination Simple SPI>: Got promise did begin fulfillment for identifier 2
2026-07-03 07:12:01.208046+0000 0xa56a     Default     0x0                  12808  7    CoreSimulatorBridge: (InstallCoordination) [com.apple.installcoordination:framework] -[IXAppInstallCoordinator _clientDelegate_promiseDidBeginFulfillmentWithIdentifier:]_block_invoke: <IXInitiatingAppInstallCoordinator<0x6000017011c0> identity:[org.rayforge.pytest/Invalid/[system-defined]] uuid:6BB969CD-C115-4740-A441-3C4BBC94DB86 creator:InstallCoordination Simple SPI>: Observer <_IXSimpleInstallerDelegate 0x0x600000c0a0a0> does not respond to coordinator:configuredPromiseDidBeginFulfillment: (or any deprecated equivalent)
2026-07-03 07:12:01.208533+0000 0x9d36     Default     0x0                  14037  7    installcoordinationd: [com.apple.installcoordination:daemon] -[IXSCoordinatedAppInstall promiseDidComplete:]: <IXSCoordinatedAppInstall<0x103404c00> [P=CoreSimulatorBridge (pid 12808)] identifier:[org.rayforge.pytest/Invalid/[system-defined]] uuid:6BB969CD-C115-4740-A441-3C4BBC94DB86 intent:IXCoordinatorIntentInitiating creator/appDRI:InstallCoordination Simple SPI importance:UserWaiting state:IXAppCoordinationStatePlaceholderPromiseNotSet promise-state:0A2I4> : Promise completed: <IXSPromisedTransferToPath(0x600002c00480) Name:App Asset: org.rayforge.pytest Creator:InstallCoordination Simple SPI UUID:5C85AB77-B42B-496A-9FA3-F728DFA52887 Location:[system-defined]>
2026-07-03 07:12:01.208578+0000 0xa56b     Default     0x0                  14037  14   installcoordinationd: (MobileInstallation) [com.apple.appinstallation:TransactionLog] org.rayforge.pytest/Unknown Persona:4:9:2:1:App Asset Promise completed. Coordinator State: IXAppCoordinationStatePlaceholderPromiseNotSet
2026-07-03 07:12:01.208739+0000 0xa56a     Default     0x0                  12808  7    CoreSimulatorBridge: (InstallCoordination) [com.apple.installcoordination:framework] -[IXAppInstallCoordinator _clientDelegate_didUpdateProgress:forPhase:overallProgress:]: <IXInitiatingAppInstallCoordinator<0x6000017011c0> identity:[org.rayforge.pytest/Invalid/[system-defined]] uuid:6BB969CD-C115-4740-A441-3C4BBC94DB86 creator:InstallCoordination Simple SPI>: Got did update progress delegate with percentComplete 100.000000 phase IXCoordinatorProgressPhaseLoading overallProgress 60.000000
2026-07-03 07:12:01.208770+0000 0xa56a     Default     0x0                  12808  7    CoreSimulatorBridge: (InstallCoordination) [com.apple.installcoordination:framework] -[IXAppInstallCoordinator _clientDelegate_didUpdateProgress:forPhase:overallProgress:]_block_invoke: <IXInitiatingAppInstallCoordinator<0x6000017011c0> identity:[org.rayforge.pytest/Invalid/[system-defined]] uuid:6BB969CD-C115-4740-A441-3C4BBC94DB86 creator:InstallCoordination Simple SPI>: Calling selector coordinator:didUpdateProgress:forPhase:overallProgress: on observer <_IXSimpleInstallerDelegate 0x0x600000c0a0a0>
2026-07-03 07:12:01.208794+0000 0x9d36     Default     0x0                  14037  7    installcoordinationd: [com.apple.installcoordination:daemon] -[IXSCoordinatedAppInstall setPlaceholderPromise:]: <IXSCoordinatedAppInstall<0x103404c00> [P=CoreSimulatorBridge (pid 12808)] identifier:[org.rayforge.pytest/Invalid/[system-defined]] uuid:6BB969CD-C115-4740-A441-3C4BBC94DB86 intent:IXCoordinatorIntentInitiating creator/appDRI:InstallCoordination Simple SPI importance:UserWaiting state:IXAppCoordinationStateReadyForPlaceholderInstall promise-state:PA2I4> : Placeholder Promise set: <IXSPlaceholder(0x103507190) Name:App Placeholder: RayforgePy (org.rayforge.pytest) Creator:InstallCoordination Simple SPI UUID:FECBD060-7897-4BC8-89DA-7AD75D5F85C4 Location:[system-defined]>
2026-07-03 07:12:01.208915+0000 0xa56b     Default     0x0                  14037  7    installcoordinationd: [com.apple.installcoordination:daemon] -[IXSCoordinatedAppInstall promiseDidComplete:]: <IXSCoordinatedAppInstall<0x103404c00> [P=CoreSimulatorBridge (pid 12808)] identifier:[org.rayforge.pytest/Invalid/[system-defined]] uuid:6BB969CD-C115-4740-A441-3C4BBC94DB86 intent:IXCoordinatorIntentInitiating creator/appDRI:InstallCoordination Simple SPI importance:UserWaiting state:IXAppCoordinationStateReadyForPlaceholderInstall promise-state:PA2I4> : Promise completed: <IXSPlaceholder(0x103507190) Name:App Placeholder: RayforgePy (org.rayforge.pytest) Creator:InstallCoordination Simple SPI UUID:FECBD060-7897-4BC8-89DA-7AD75D5F85C4 Location:[system-defined]>
2026-07-03 07:12:01.209532+0000 0x9d36     Default     0x0                  14037  7    installcoordinationd: [com.apple.installcoordination:daemon] -[IXSCoordinatedAppInstall _onQueue_acquireAssertionAndInstallPlaceholder]: Acquiring termination assertion to install placeholder for [org.rayforge.pytest/Invalid/[system-defined]]
2026-07-03 07:12:01.209679+0000 0x9d36     Default     0x0                  14037  7    installcoordinationd: [com.apple.installcoordination:daemon] -[IXSPendingOperationsTracker beginPendingOperationForIdentity:]_block_invoke: Beginning pending operation for [org.rayforge.pytest/Invalid/[system-defined]]
2026-07-03 07:12:01.222096+0000 0x8c56     Default     0x2b276              12780  0    runningboardd: (RunningBoard) [com.apple.runningboard:connection] Received termination request from [osservice<com.apple.installcoordinationd>:14037] on <RBSProcessPredicate <RBSProcessBundleIdentifierPredicate "org.rayforge.pytest">> with context <RBSTerminateContext| explanation:installcoordinationd app:[org.rayforge.pytest/Invalid/[system-defined]] uuid:6BB969CD-C115-4740-A441-3C4BBC94DB86 isPlaceholder:Y reportType:None maxTerminationResistance:Absolute attrs:[
	<RBSPreventLaunchLimitation| <RBSProcessPredicate <RBSProcessBundleIdentifierPredicate "org.rayforge.pytest">> allow:(null)>
	]>
2026-07-03 07:12:01.222632+0000 0x8c56     Default     0x2b276              12780  0    runningboardd: (RunningBoardServices) [com.apple.runningboard:general] failed to get LSApplicationRecord for org.rayforge.pytest - probably OK
2026-07-03 07:12:01.222934+0000 0x8c56     Default     0x2b276              12780  0    runningboardd: (RunningBoard) [com.apple.runningboard:connection] skipping plugin hold for uninstalled proxy org.rayforge.pytest
2026-07-03 07:12:01.223040+0000 0x8c56     Default     0x2b276              12780  7    runningboardd: (RunningBoard) [com.apple.runningboard:ttl] Acquiring assertion targeting system from originator [osservice<com.apple.installcoordinationd>:14037] with description <RBSAssertionDescriptor| "installcoordinationd app:[org.rayforge.pytest/Invalid/[system-defined]] uuid:6BB969CD-C115-4740-A441-3C4BBC94DB86 isPlaceholder:Y" ID:12780-14037-465 target:system attributes:[
	<RBSPreventLaunchLimitation| <RBSProcessPredicate <RBSProcessBundleIdentifierPredicate "org.rayforge.pytest">> allow:(null)>
	]>
2026-07-03 07:12:01.223503+0000 0x8c56     Default     0x2b276              12780  0    runningboardd: (RunningBoard) [com.apple.runningboard:process] Executing termination request for: <RBSProcessPredicate <RBSProcessBundleIdentifierPredicate "org.rayforge.pytest">>
2026-07-03 07:12:01.224074+0000 0x8bd3     Default     0x2b123              12777  0    SpringBoard: (SpringBoard) [com.apple.SpringBoard:Common] termination assertion acquired for org.rayforge.pytest (app not found)
2026-07-03 07:12:01.224664+0000 0x9d36     Default     0x0                  14037  7    installcoordinationd: [com.apple.installcoordination:daemon] -[IXSCoordinatedAppInstall assertionTargetProcessDidExit:]: RBS termination assertion observer called for <IXSCoordinatedAppInstall<0x103404c00> [P=CoreSimulatorBridge (pid 12808)] identifier:[org.rayforge.pytest/Invalid/[system-defined]] uuid:6BB969CD-C115-4740-A441-3C4BBC94DB86 intent:IXCoordinatorIntentInitiating creator/appDRI:InstallCoordination Simple SPI importance:UserWaiting state:IXAppCoordinationStateWaitingForPlaceholderAssertion promise-state:PA2I4>
2026-07-03 07:12:01.224709+0000 0xa56b     Default     0x0                  14037  14   installcoordinationd: (MobileInstallation) [com.apple.appinstallation:TransactionLog] org.rayforge.pytest/Unknown Persona:4:8:1:1:Placeholder Promise began. Coordinator State: IXAppCoordinationStateWaitingForPlaceholderAssertion
2026-07-03 07:12:01.224759+0000 0xa56b     Default     0x0                  14037  7    installcoordinationd: [com.apple.installcoordination:daemon] -[IXSCoordinatorProgress setTotalUnitsCompleted:]: Progress for coordinator: [org.rayforge.pytest/Invalid/[system-defined]], Phase: IXCoordinatorProgressPhaseLoading, Percentage: 100.000000: Attempt to set units completed on finished progress: 100
2026-07-03 07:12:01.224786+0000 0xa56b     Default     0x0                  14037  14   installcoordinationd: (MobileInstallation) [com.apple.appinstallation:TransactionLog] org.rayforge.pytest/Unknown Persona:4:8:2:1:Placeholder Promise completed. Coordinator State: IXAppCoordinationStateWaitingForPlaceholderAssertion
2026-07-03 07:12:01.225635+0000 0x8d79     Default     0x0                  12808  7    CoreSimulatorBridge: (InstallCoordination) [com.apple.installcoordination:framework] -[IXAppInstallCoordinator _clientDelegate_promiseDidBeginFulfillmentWithIdentifier:]: <IXInitiatingAppInstallCoordinator<0x6000017011c0> identity:[org.rayforge.pytest/Invalid/[system-defined]] uuid:6BB969CD-C115-4740-A441-3C4BBC94DB86 creator:InstallCoordination Simple SPI>: Got promise did begin fulfillment for identifier 1
2026-07-03 07:12:01.225663+0000 0xa56b     Default     0x0                  14037  7    installcoordinationd: [com.apple.installcoordination:daemon] -[IXSCoordinatedAppInstall _onQueue_installPlaceholder]: Acquired termination assertion for placeholder [org.rayforge.pytest/Invalid/[system-defined]]; proceeding with install.
2026-07-03 07:12:01.225668+0000 0x8d79     Default     0x0                  12808  7    CoreSimulatorBridge: (InstallCoordination) [com.apple.installcoordination:framework] -[IXAppInstallCoordinator _clientDelegate_promiseDidBeginFulfillmentWithIdentifier:]_block_invoke: <IXInitiatingAppInstallCoordinator<0x6000017011c0> identity:[org.rayforge.pytest/Invalid/[system-defined]] uuid:6BB969CD-C115-4740-A441-3C4BBC94DB86 creator:InstallCoordination Simple SPI>: Observer <_IXSimpleInstallerDelegate 0x0x600000c0a0a0> does not respond to coordinator:configuredPromiseDidBeginFulfillment: (or any deprecated equivalent)
2026-07-03 07:12:01.226013+0000 0xa56b     Default     0x0                  14037  7    installcoordinationd: [com.apple.installcoordination:daemon] -[IXSPowerAssertion initWithAssertionName:details:]: Acquired power assertion IXPowerAssertion-12-[org.rayforge.pytest/Invalid/[system-defined]]
2026-07-03 07:12:01.238571+0000 0x9a42     Default     0x255ed              13681  7    installd: (libsystem_containermanager.dylib) [com.apple.containermanager:xpc] Query; euid = 501, uid = 501, class = 1, identifier = [org.rayforge.pytest](1), flags = 300000002
2026-07-03 07:12:01.833884+0000 0x9a42     Default     0x255ee              13681  7    installd: (libsystem_containermanager.dylib) [com.apple.containermanager:xpc] Query; euid = 501, uid = 501, class = 1, identifier = [org.rayforge.pytest](1), flags = 300000002
2026-07-03 07:12:01.835353+0000 0x9a42     Default     0x0                  13681  0    installd: (MobileSystemServices) 0x16d193000 -[MIInstaller _installInstallable:containingSymlink:error:]: Installing <MIInstallableBundle ID=org.rayforge.pytest; Persona=com.apple.containermanager.primary-persona, Version=1, ShortVersion=0.1>
2026-07-03 07:12:01.835466+0000 0x9a42     Default     0x0                  13681  14   installd: (MobileInstallation) [com.apple.appinstallation:TransactionLog] org.rayforge.pytest/com.apple.containermanager.primary-persona:7:4:1:1:Start : Install (Placeholder)
2026-07-03 07:12:02.295122+0000 0x8c3f     Default     0x2b42b              12780  0    runningboardd: (RunningBoard) [com.apple.runningboard:process] Checking PreventLaunch: global:0 exPath:(null) predicates:{(
    <RBSProcessPredicate <RBSProcessBundleIdentifierPredicate "org.rayforge.pytest">>
)} allow:(null)
2026-07-03 07:12:03.284243+0000 0x9abc     Default     0x2b599              12780  0    runningboardd: (RunningBoard) [com.apple.runningboard:process] Checking PreventLaunch: global:0 exPath:(null) predicates:{(
    <RBSProcessPredicate <RBSProcessBundleIdentifierPredicate "org.rayforge.pytest">>
)} allow:(null)
2026-07-03 07:12:04.170093+0000 0x8cae     Default     0x2b6d0              12780  0    runningboardd: (RunningBoard) [com.apple.runningboard:process] Checking PreventLaunch: global:0 exPath:(null) predicates:{(
    <RBSProcessPredicate <RBSProcessBundleIdentifierPredicate "org.rayforge.pytest">>
)} allow:(null)
2026-07-03 07:12:05.152920+0000 0x8c39     Default     0x2b7f1              12780  0    runningboardd: (RunningBoard) [com.apple.runningboard:process] Checking PreventLaunch: global:0 exPath:(null) predicates:{(
    <RBSProcessPredicate <RBSProcessBundleIdentifierPredicate "org.rayforge.pytest">>
)} allow:(null)
2026-07-03 07:12:06.157451+0000 0x8c3f     Default     0x2b90d              12780  0    runningboardd: (RunningBoard) [com.apple.runningboard:process] Checking PreventLaunch: global:0 exPath:(null) predicates:{(
    <RBSProcessPredicate <RBSProcessBundleIdentifierPredicate "org.rayforge.pytest">>
)} allow:(null)
2026-07-03 07:12:06.894451+0000 0x8c3f     Default     0x2b99b              12780  0    runningboardd: (RunningBoard) [com.apple.runningboard:process] Checking PreventLaunch: global:0 exPath:(null) predicates:{(
    <RBSProcessPredicate <RBSProcessBundleIdentifierPredicate "org.rayforge.pytest">>
)} allow:(null)
2026-07-03 07:12:07.656895+0000 0x8c56     Default     0x2bac1              12780  0    runningboardd: (RunningBoard) [com.apple.runningboard:process] Checking PreventLaunch: global:0 exPath:(null) predicates:{(
    <RBSProcessPredicate <RBSProcessBundleIdentifierPredicate "org.rayforge.pytest">>
)} allow:(null)
2026-07-03 07:12:08.535646+0000 0x8cae     Default     0x2bc1d              12780  0    runningboardd: (RunningBoard) [com.apple.runningboard:process] Checking PreventLaunch: global:0 exPath:(null) predicates:{(
    <RBSProcessPredicate <RBSProcessBundleIdentifierPredicate "org.rayforge.pytest">>
)} allow:(null)
2026-07-03 07:12:08.551411+0000 0x8cae     Default     0x2bc39              12780  0    runningboardd: (RunningBoard) [com.apple.runningboard:process] Checking PreventLaunch: global:0 exPath:(null) predicates:{(
    <RBSProcessPredicate <RBSProcessBundleIdentifierPredicate "org.rayforge.pytest">>
)} allow:(null)
2026-07-03 07:12:09.416181+0000 0x9a42     Default     0x255ef              13681  7    installd: (libsystem_containermanager.dylib) [com.apple.containermanager:query] Query; euid = 501, uid = 501, class = 4, identifier = [org.rayforge.pytest](1), flags = 300000002
2026-07-03 07:12:09.417579+0000 0x9a42     Default     0x2bd00              13681  7    installd: (libsystem_containermanager.dylib) [com.apple.containermanager:query] Query; euid = 501, uid = 501, class = 4, identifier = [org.rayforge.pytest](1), flags = 300000002
2026-07-03 07:12:09.417897+0000 0x9a42     Default     0x2bd01              13681  7    installd: (libsystem_containermanager.dylib) [com.apple.containermanager:xpc] Query; euid = 501, uid = 501, class = 1, identifier = [org.rayforge.pytest](1), flags = 300000003
2026-07-03 07:12:09.419809+0000 0x8c51     Error       0x2bd01              12827  7    containermanagerd_system: (ContainerManagerCommon) [com.apple.containermanager:schema] [org.rayforge.pytest(1)] Current schema version (1) is newer than the latest (0), ignoring.
2026-07-03 07:12:09.420417+0000 0x8c51     Default     0x2bd01              12827  7    containermanagerd_system: (ContainerManagerCommon) [com.apple.containermanager:schema] [u A224D429-6CF6-4C2D-BCBA-554961DBE756:p 7ED377DC-2D6A-4A7C-83B3-B0BC3F1679DD:c org.rayforge.pytest(1):i3434970] Successfully updated schema from (0) → (0), actions count = 0
2026-07-03 07:12:09.421587+0000 0x9a42     Default     0x2bd03              13681  7    installd: (libsystem_containermanager.dylib) [com.apple.containermanager:xpc] Query; euid = 501, uid = 501, class = 1, identifier = [org.rayforge.pytest](1), flags = 300000002
2026-07-03 07:12:09.425583+0000 0x9a42     Default     0x2bd05              13681  7    installd: (libsystem_containermanager.dylib) [com.apple.containermanager:query] Query; euid = 501, uid = 501, class = 2, identifier = [org.rayforge.pytest](1), flags = 300000003
2026-07-03 07:12:09.427971+0000 0x8c63     Default     0x2bd05              12832  7    containermanagerd: (ContainerManagerCommon) [com.apple.containermanager:schema] [u C8768401-EE18-4855-AFEB-9BF294E471BA:p 6129E90B-9577-4211-853D-27AB25698B90:c org.rayforge.pytest(2):i3434976] Successfully updated schema from (0) → (1), actions count = 6
2026-07-03 07:12:09.429766+0000 0x9a42     Default     0x2bd07              13681  7    installd: (libsystem_containermanager.dylib) [com.apple.containermanager:query] Query; euid = 501, uid = 501, class = 2, identifier = [org.rayforge.pytest](1), flags = 300000002
2026-07-03 07:12:09.432239+0000 0x9a42     Default     0x0                  13681  0    installd: (MobileSystemServices) 0x16d193000 -[MIInstallationJournalEntry _refreshUUIDForContainer:withError:]: Data container for org.rayforge.pytest is now at /Users/runner/Library/Developer/CoreSimulator/Devices/A86FFCEE-BD4D-4FF2-AC46-67C0DE5EDC36/data/Containers/Data/Application/EE324800-243F-4DEA-BA51-82A20A630E7A
2026-07-03 07:12:09.432924+0000 0x8c65     Default     0x2bd0a              12832  7    containermanagerd: (ContainerManagerCommon) [com.apple.containermanager:schema] [u C8768401-EE18-4855-AFEB-9BF294E471BA:p EE324800-243F-4DEA-BA51-82A20A630E7A:c org.rayforge.pytest(2):i0] Successfully updated schema from (0) → (1), actions count = 6
2026-07-03 07:12:09.433034+0000 0x9a42     Default     0x2bd0b              13681  7    installd: (libsystem_containermanager.dylib) [com.apple.containermanager:unspecified] Replace; old = <NULL>, new = [temp-app:org.rayforge.pytest:501::(A224D429-6CF6-4C2D-BCBA-554961DBE756)]
2026-07-03 07:12:09.435634+0000 0x9a42     Default     0x2bd0c              13681  7    installd: (libsystem_containermanager.dylib) [com.apple.containermanager:xpc] Query; euid = 501, uid = 501, class = 1, identifier = [org.rayforge.pytest](1), flags = 300000002
2026-07-03 07:12:09.436144+0000 0x9a42     Default     0x0                  13681  0    installd: (MobileSystemServices) 0x16d193000 -[MIContainer makeContainerLiveReplacingContainer:reason:waitForDeletion:withError:]: Made container live for org.rayforge.pytest at /Users/runner/Library/Developer/CoreSimulator/Devices/A86FFCEE-BD4D-4FF2-AC46-67C0DE5EDC36/data/Containers/Bundle/Application/56DE4BA9-F249-401F-833C-A9AD146806D8
2026-07-03 07:12:09.437415+0000 0x8c63     Default     0x2bd0e              12832  7    containermanagerd: (ContainerManagerCommon) [com.apple.containermanager:codesignmapping] Reconciled [org.rayforge.pytest]; old app groups: (null), new app groups: (null), old system groups: (null), new system groups: (null)
2026-07-03 07:12:09.440911+0000 0x9a42     Default     0x2bd0f              13681  7    installd: (libsystem_containermanager.dylib) [com.apple.containermanager:unspecified] Requesting disk usage; class = 1, identifier = org.rayforge.pytest
2026-07-03 07:12:09.449765+0000 0x9a42     Default     0x2bd10              13681  7    installd: (libsystem_containermanager.dylib) [com.apple.containermanager:query] Query; euid = 501, uid = 501, class = 7, identifier = [org.rayforge.pytest](1), flags = 300000001
2026-07-03 07:12:09.451342+0000 0x8bd3     Default     0x2b9ae              12777  0    SpringBoard: (SpringBoard) [com.apple.SpringBoard:Common] termination assertion released for org.rayforge.pytest (app not found)
2026-07-03 07:12:09.457155+0000 0x9a42     Default     0x0                  13681  0    installd: (MobileSystemServices) 0x16d193000 -[MILaunchServicesOperationManager _onQueue_addPendingLaunchServicesOperation:error:]: Added pending LS operation <MILaunchServicesRegisterOperation: 03138B0F-960F-4DF9-B336-6DDF642A861F:1 org.rayforge.pytest/MIInstallationDomainSystemShared personas:[com.apple.containermanager.primary-persona]>
2026-07-03 07:12:09.464951+0000 0x8cde     Default     0x0                  12829  5    lsd: (CoreServices) [com.apple.launchservices:appinstallation] Post installation registration: request to register org.rayforge.pytest, operation 03138B0F-960F-4DF9-B336-6DDF642A861F, from pid 13681
2026-07-03 07:12:09.469298+0000 0x8cde     Default     0x0                  12829  14   lsd: (MobileInstallation) [com.apple.appinstallation:TransactionLog] org.rayforge.pytest/Unknown Persona:5:4:1:1:Registering bundles via registrant - start
2026-07-03 07:12:09.479566+0000 0x8cde     Default     0x0                  12829  14   lsd: (MobileInstallation) [com.apple.appinstallation:TransactionLog] org.rayforge.pytest/Unknown Persona:5:5:1:1:Building bundle record for app
2026-07-03 07:12:09.479639+0000 0x8cde     Default     0x0                  12829  5    lsd: (CoreServices) [com.apple.launchservices:appinstallation] No bundles to remove for org.rayforge.pytest
2026-07-03 07:12:09.480431+0000 0x8cde     Default     0x0                  12829  5    lsd: (CoreServices) [com.apple.launchservices:appinstallation] Placeholder detected - Flagging bundle org.rayforge.pytest incomplete
2026-07-03 07:12:09.480513+0000 0x8cde     Default     0x0                  12829  14   lsd: (MobileInstallation) [com.apple.appinstallation:TransactionLog] org.rayforge.pytest/Unknown Persona:5:5:2:1:Built bundle record for app
2026-07-03 07:12:09.488463+0000 0x8cde     Default     0x0                  12829  14   lsd: (MobileInstallation) [com.apple.appinstallation:TransactionLog] org.rayforge.pytest/Unknown Persona:5:4:2:1:Registered bundle status = success
2026-07-03 07:12:09.488572+0000 0x8cde     Default     0x0                  12829  14   lsd: (MobileInstallation) [com.apple.appinstallation:TransactionLog] org.rayforge.pytest/Unknown Persona:5:4:2:1:Finished registering org.rayforge.pytest, bundle unit 2a0
2026-07-03 07:12:09.495769+0000 0x9a42     Default     0x0                  13681  0    installd: (MobileSystemServices) 0x16d193000 -[MIJournal purgeJournalEntry:withError:]: Removing journal entry <MIInstallationJournalEntry<0x600003300140> [org.rayforge.pytest/com.apple.containermanager.primary-persona/[system-defined]]/MIInstallationDomainSystemShared op:2 phase:JournalPhaseDidRegisterWithLS version:1>
2026-07-03 07:12:09.496008+0000 0x9a42     Default     0x0                  13681  14   installd: (MobileInstallation) [com.apple.appinstallation:TransactionLog] org.rayforge.pytest/com.apple.containermanager.primary-persona:7:4:2:1:Success (End) : Install (Placeholder)
2026-07-03 07:12:09.496111+0000 0x9a42     Default     0x0                  13681  0    installd: (MobileSystemServices) 0x16d193000 -[MIInstaller _logOperationCompletionWithStartTime:distributorID:]: Install successful for (Placeholder:org.rayforge.pytest) [Distributor: (null)]; Staging: 0.00s; Waiting: 0.00s; Preflight/Patch: 7.58s, Verifying: 0.00s; Overall: 8.26s
2026-07-03 07:12:09.496717+0000 0x8cde     Default     0x0                  12829  2    lsd: (CoreServices) [com.apple.launchservices:progress] Sending applicationInstallsDidStart: for (
    "<LSApplicationProxy: 0x600003708180> org.rayforge.pytest file:///Users/runner/Library/Developer/CoreSimulator/Devices/A86FFCEE-BD4D-4FF2-AC46-67C0DE5EDC36/data/Containers/Bundle/Application/56DE4BA9-F249-401F-833C-A9AD146806D8/RayforgePy.app/ <org.rayforge.pytest <placeholder >:1>"
)
2026-07-03 07:12:09.504586+0000 0xa569     Default     0x0                  14037  7    installcoordinationd: [com.apple.installcoordination:daemon] -[IXSPowerAssertion invalidate]: Released power assertion IXPowerAssertion-12-[org.rayforge.pytest/Invalid/[system-defined]]
2026-07-03 07:12:09.505851+0000 0xa569     Default     0x0                  14037  7    installcoordinationd: [com.apple.installcoordination:daemon] -[IXSPendingOperationsTracker endPendingOperationForIdentity:]_block_invoke: Ending pending operation for [org.rayforge.pytest/Invalid/[system-defined]]
2026-07-03 07:12:09.507008+0000 0xa569     Default     0x0                  14037  7    installcoordinationd: [com.apple.installcoordination:daemon] -[IXSCoordinatedAppInstall setPlaceholderInstallState:withLSRecordPromiseForCompletion:]: <IXSCoordinatedAppInstall<0x103404c00> [P=CoreSimulatorBridge (pid 12808)] identifier:[org.rayforge.pytest/Invalid/[system-defined]] uuid:6BB969CD-C115-4740-A441-3C4BBC94DB86 intent:IXCoordinatorIntentInitiating creator/appDRI:InstallCoordination Simple SPI importance:UserWaiting state:IXAppCoordinationStateReadyForInstall promise-state:PA2I4>: Placeholder install completed.
2026-07-03 07:12:09.507913+0000 0xa569     Default     0x0                  14037  0    installcoordinationd: (InstallProgress) [com.apple.installprogress:server] initiating progress for [org.rayforge.pytest/Invalid/[system-defined]]
2026-07-03 07:12:09.514486+0000 0x8cde     Default     0x0                  12829  2    lsd: (CoreServices) [com.apple.launchservices:progress] Created parent progress <NSProgress: org.rayforge.pytest phase=InstallingPlaceholder; state=Waiting; finalPhase=Installing; fractionCompleted=0.000000>
2026-07-03 07:12:09.524155+0000 0x8cde     Default     0x0                  12829  2    lsd: (CoreServices) [com.apple.launchservices:progress] Sent distributed notification com.apple.LaunchServices.applicationRegistered with payload {
    bundleIDs =     (
        "org.rayforge.pytest"
    );
    isPlaceholder = 1;
}
2026-07-03 07:12:09.525194+0000 0x9a5c     Default     0x0                  12835  5    nsurlsessiond: (CoreServices) [com.apple.launchservices:appinstallation] LaunchServices observer: InstallsStarted (
    "<LSApplicationProxy: 0x600003700900> org.rayforge.pytest file:///Users/runner/Library/Developer/CoreSimulator/Devices/A86FFCEE-BD4D-4FF2-AC46-67C0DE5EDC36/data/Containers/Bundle/Application/56DE4BA9-F249-401F-833C-A9AD146806D8/RayforgePy.app/ <org.rayforge.pytest <placeholder >:1>"
)
2026-07-03 07:12:09.528376+0000 0x9092     Default     0x0                  12807  5    passd: (CoreServices) [com.apple.launchservices:appinstallation] LaunchServices observer: InstallsStarted (
    "<LSApplicationProxy: 0x600003705500> org.rayforge.pytest file:///Users/runner/Library/Developer/CoreSimulator/Devices/A86FFCEE-BD4D-4FF2-AC46-67C0DE5EDC36/data/Containers/Bundle/Application/56DE4BA9-F249-401F-833C-A9AD146806D8/RayforgePy.app/ <org.rayforge.pytest <placeholder >:1>"
)
2026-07-03 07:12:09.528553+0000 0x8c56     Default     0x0                  12780  5    runningboardd: (CoreServices) [com.apple.launchservices:appinstallation] LaunchServices observer: InstallsStarted (
